 1: Dash │ 2: Shakes │ 3: Code │ 4: Widgets │ 5: Layout │ 6: Forms │ 7: DataViz │ 8: Files │ 9: Adv │ 0: Perf │         
╭────────────────────────────────────────────────────Forms & Input─────────────────────────────────────────────────────╮
│╭────────────────────Registration Form────────────────────╮╭───────────────────────Text Inputs───────────────────────╮│
││Name:         Enter your name...                         ││Search:   Search...                                      ││
││Email:        user@example.com                           ││Password: Password                                       ││
││Role:           Developer                                ││                                                         ││
││Theme:        (1) Light                                  │╰─────────────────────────────────────────────────────────╯│
││Age:            25                                       │╭───────────────────────Text Editor───────────────────────╮│
││Accept Terms: [ ]                                        ││1  Hello, world!                                         ││
││                                                         ││2                                                        ││
││                                                         ││3  This is a multi-line text editor.                     ││
││                                                         ││4  You can type, select, undo/redo, and more.            ││
││                                                         ││5                                                        ││
││                                                         ││6  Try Shift+Arrow to select text.                       ││
││                                                         ││7  Ctrl+A selects all.                                   ││
││                                                         ││8  Ctrl+Z to undo, Ctrl+Y to redo.                       ││
││                                                         ││                                                         ││
││                                                         ││                                                         ││
││                                                         ││                                                         ││
││                                                         ││                                                         ││
││                                                         ││                                                         ││
││                                                         ││                                                         ││
││                                                         ││                                                         ││
││                                                         ││                                                         ││
││                                                         ││                                                         ││
││                                                         ││                                                         ││
││                                                         ││                                                         ││
││                                                         ││                                                         ││
││                                                         ││                                                         ││
││                                                         ││                                                         ││
││                                                         ││                                                         ││
││                                                         ││                                                         ││
││                                                         ││                                                         ││
││                                                         ││                                                         ││
││Tab: next | Enter: submit | Esc: cancel                  ││                                                         ││
││                                                         ││                                                         ││
│╰─────────────────────────────────────────────────────────╯╰─────────────────────────────────────────────────────────╯│
│Ctrl+←/→: switch panels | Form: Tab/↑/↓ navigate, Space toggle, Enter submit                                          │
╰──────────────────────────────────────────────────────────────────────────────────────────────────────────────────────╯
 Forms & Input [6/24]  Cyberpunk Aurora A11y:LT                        tick:0 frm:0                        120x40 00:00 