 1: Tour │ 2: Dash │ 3: Shakes │ 4: Code │ 5: Widgets │ 6: Layout │ 7: Forms │ 8: DataViz │ 9: Files │ 0: Adv │ -: Tables │ -: Caps │ -: Macro │ -: Perf │ -: MD │ -: Mermaid │ -: MermaidMega │ -: VFX 
╭──────────────────────────────────────────────────────────────────────────────────────────────Dashboard───────────────────────────────────────────────────────────────────────────────────────────────╮
│FRANKENTUI DASHBOARD                                                                                                                                                                                  │
│╭────────────────Plasma────────────────╮╭─────────────────────Charts · Pulse──────────────────────╮╭───────────────────Code · Rust (1/28)────────────────────╮╭─────────────────Info─────────────────╮│
││⣿⣿⣿⣿⣿⣿⣿⣿⣿⣿⣿⣿⣿⣿⣿⣿⣿⣿⣿⣿⣿⣿⣿⣿⣿⣿⣿⣿⣿⣿⣿⣿⣿⣿⣿⣿⣿⣿││g:cycle · sparklines + mini bars · CPU  46% · MEM  41% · ││// runtime.rs                                            ││FrankenTUI Kernel · LIVE · 198x46 · 0 ││
││⣿⣿⣿⣿⣿⣿⣿⣿⣿⣿⣿⣿⣿⣿⣿⣿⣿⣿⣿⣿⣿⣿⣿⣿⣿⣿⣿⣿⣿⣿⣿⣿⣿⣿⣿⣿⣿⣿││CPU ▃ ▃▃▂▂▁▁▄▃▄▂▅▅▅▆▂▄▅▃▆▅▄▄▆▆▅▆▇█                    46%││use std::{collections::HashMap, sync::Arc, time::Duration││ INLINE   BRAILLE FX   STREAMING GFM  ││
││⣿⣿⣿⣿⣿⣿⣿⣿⣿⣿⣿⣿⣿⣿⣿⣿⣿⣿⣿⣿⣿⣿⣿⣿⣿⣿⣿⣿⣿⣿⣿⣿⣿⣿⣿⣿⣿⣿││MEM ▅▂ ▃▁▄▄▂▂▇▅▃▅▂▃▄▆▄▇█▂▆▅▄▂▇▅▆█▅                    41%││                                                         ││Status: NOMINAL │ Events: 1150/s │ Tic││
││⣿⣿⣿⣿⣿⣿⣿⣿⣿⣿⣿⣿⣿⣿⣿⣿⣿⣿⣿⣿⣿⣿⣿⣿⣿⣿⣿⣿⣿⣿⣿⣿⣿⣿⣿⣿⣿⣿││NET ▁▁▁▁▁  ▁   ▇▁▁    ▁ █▁▁▁▁█▁ ▁                      14││use ftui_core::event::Event;                             ││FPS: 0  Tick: 30   Size: 198x46  Cells││
││⣿⣿⣿⣿⣿⣿⣿⣿⣿⣿⣿⣿⣿⣿⣿⣿⣿⣿⣿⣿⣿⣿⣿⣿⣿⣿⣿⣿⣿⣿⣿⣿⣿⣿⣿⣿⣿⣿││OUT ▁▁▁▃▁█  ▁▁ ▁  ▁▁▇    ▁   ▁▁ ▂▁                    149││use ftui_render::cell::Cell;                             ││Events/s: 1150     Theme: High Contras││
││⣿⣿⣿⣿⣿⣿⣿⣿⣿⣿⣿⣿⣿⣿⣿⣿⣿⣿⣿⣿⣿⣿⣿⣿⣿⣿⣿⣿⣿⣿⣿⣿⣿⣿⣿⣿⣿⣿││EPS ████████░░  77% DSK ██████░░░  67% IO  █░░░░░░░░   7%││use ftui_render::frame::Frame;                           ││CPU:  46%  MEM:  41Alerts: 1          ││
││⣿⣿⣿⣿⣿⣿⣿⣿⣿⣿⣿⣿⣿⣿⣿⣿⣿⣿⣿⣿⣿⣿⣿⣿⣿⣿⣿⣿⣿⣿⣿⣿⣿⣿⣿⣿⣿⣿││                                                         ││use ftui_runtime::{Cmd, Model, Program};                 ││NET:   14↓ /  149↑ Pipeline: BUF→DIFF→││
││⣿⣿⣿⣿⣿⣿⣿⣿⣿⣿⣿⣿⣿⣿⣿⣿⣿⣿⣿⣿⣿⣿⣿⣿⣿⣿⣿⣿⣿⣿⣿⣿⣿⣿⣿⣿⣿⣿││                                                         ││                                                         ││Frame:  0.0ms ±0.0 Headroom: +16.0ms  ││
││⣿⣿⣿⣿⣿⣿⣿⣿⣿⣿⣿⣿⣿⣿⣿⣿⣿⣿⣿⣿⣿⣿⣿⣿⣿⣿⣿⣿⣿⣿⣿⣿⣿⣿⣿⣿⣿⣿││                                                         ││#[derive(Debug, Clone)]                                  ││                                      ││
││⣿⣿⣿⣿⣿⣿⣿⣿⣿⣿⣿⣿⣿⣿⣿⣿⣿⣿⣿⣿⣿⣿⣿⣿⣿⣿⣿⣿⣿⣿⣿⣿⣿⣿⣿⣿⣿⣿││                                                         ││enum Msg {                                               ││                                      ││
││⣿⣿⣿⣿⣿⣿⣿⣿⣿⣿⣿⣿⣿⣿⣿⣿⣿⣿⣿⣿⣿⣿⣿⣿⣿⣿⣿⣿⣿⣿⣿⣿⣿⣿⣿⣿⣿⣿││                                                         ││    Tick(u64),                                           ││                                      ││
││⣿⣿⣿⣿⣿⣿⣿⣿⣿⣿⣿⣿⣿⣿⣿⣿⣿⣿⣿⣿⣿⣿⣿⣿⣿⣿⣿⣿⣿⣿⣿⣿⣿⣿⣿⣿⣿⣿││                                                         ││    Resize { w: u16, h: u16 },                           ││                                      ││
││⣿⣿⣿⣿⣿⣿⣿⣿⣿⣿⣿⣿⣿⣿⣿⣿⣿⣿⣿⣿⣿⣿⣿⣿⣿⣿⣿⣿⣿⣿⣿⣿⣿⣿⣿⣿⣿⣿││                                                         ││    Log(String),                                         ││                                      ││
││⣿⣿⣿⣿⣿⣿⣿⣿⣿⣿⣿⣿⣿⣿⣿⣿⣿⣿⣿⣿⣿⣿⣿⣿⣿⣿⣿⣿⣿⣿⣿⣿⣿⣿⣿⣿⣿⣿││                                                         ││    Quit,                                                ││                                      ││
││⣿⣿⣿⣿⣿⣿⣿⣿⣿⣿⣿⣿⣿⣿⣿⣿⣿⣿⣿⣿⣿⣿⣿⣿⣿⣿⣿⣿⣿⣿⣿⣿⣿⣿⣿⣿⣿⣿││                                                         ││}                                                        ││                                      ││
││⣿⣿⣿⣿⣿⣿⣿⣿⣿⣿⣿⣿⣿⣿⣿⣿⣿⣿⣿⣿⣿⣿⣿⣿⣿⣿⣿⣿⣿⣿⣿⣿⣿⣿⣿⣿⣿⣿││                                                         ││                                                         ││                                      ││
││⣿⣿⣿⣿⣿⣿⣿⣿⣿⣿⣿⣿⣿⣿⣿⣿⣿⣿⣿⣿⣿⣿⣿⣿⣿⣿⣿⣿⣿⣿⣿⣿⣿⣿⣿⣿⣿⣿││                                                         ││struct App<T: Send + Sync + 'static> {                   ││                                      ││
││⣿⣿⣿⣿⣿⣿⣿⣿⣿⣿⣿⣿⣿⣿⣿⣿⣿⣿⣿⣿⣿⣿⣿⣿⣿⣿⣿⣿⣿⣿⣿⣿⣿⣿⣿⣿⣿⣿││                                                         ││    frames: u64,                                         ││CPU █████████████░░░░░░░░░░░░░░░░  46%││
││⣿⣿⣿⣿⣿⣿⣿⣿⣿⣿⣿⣿⣿⣿⣿⣿⣿⣿⣿⣿⣿⣿⣿⣿⣿⣿⣿⣿⣿⣿⣿⣿⣿⣿⣿⣿⣿⣿││                                                         ││    last_size: (u16, u16),                               ││MEM ████████████░░░░░░░░░░░░░░░░░  41%││
││⣿⣿⣿⣿⣿⣿⣿⣿⣿⣿⣿⣿⣿⣿⣿⣿⣿⣿⣿⣿⣿⣿⣿⣿⣿⣿⣿⣿⣿⣿⣿⣿⣿⣿⣿⣿⣿⣿││                                                         ││    cache: HashMap<String, Arc<T>>,                      ││NET ██░░░░░░░░░░░░░░░░░░░░░░░░░░░   8%││
││⣿⣿⣿⣿⣿⣿⣿⣿⣿⣿⣿⣿⣿⣿⣿⣿⣿⣿⣿⣿⣿⣿⣿⣿⣿⣿⣿⣿⣿⣿⣿⣿⣿⣿⣿⣿⣿⣿││                                                         ││}                                                        ││FRM                                n/a││
││Click → Visual Effects⣿⣿⣿⣿⣿⣿⣿⣿⣿⣿⣿⣿⣿⣿⣿⣿││Click → Data Viz                                         ││Click → Code Explorer                                    ││Click → Performance ▇   █▁ ▁▁█▁ ▂  163││
│╰──────────────────────────────────────╯╰─────────────────────────────────────────────────────────╯╰─────────────────────────────────────────────────────────╯╰──────────────────────────────────────╯│
│╭─────────────Text FX · 3-Up (1/28)──────────────╮╭──────────────────────────────────Activity───────────────────────────────────╮╭─────────────────────Markdown · Streaming… 0%──────────────────────╮│
││Sample 1 of 3 · 3-Up stack                      ││SEV TIME  COMP  MESSAGE                                                      ││▌                                                                  ││
││1 · None · S1                                   ││ INFO  00:02  ● CPU  CPU spike detected on core 3                            ││                                                                   ││
││# FX Lab · Deterministic Spectra                ││                                                                             ││                                                                   ││
││> *"Render truth, not pixels."* — kernel memo   ││                                                                             ││                                                                   ││
││                                                ││                                                                             ││                                                                   ││
││- [x] Inline scrollback (DEC 7/8)               ││                                                                             ││                                                                   ││
││2 · FadeIn · S2                                 ││                                                                             ││                                                                   ││
││## GFM Stress · Ledger                          ││                                                                             ││                                                                   ││
││1. **Bold** + _italic_ + ~~strike~~             ││                                                                             ││                                                                   ││
││2. `code` + [links](https://ftui.dev)           ││                                                                             ││                                                                   ││
││3. Nested:                                      ││                                                                             ││                                                                   ││
││3 · FadeOut · S3                                ││                                                                             ││                                                                   ││
││### Runtime Ledger · Mixed                      ││                                                                             ││                                                                   ││
││- [x] Tasks                                     ││                                                                             ││                                                                   ││
││- [ ] Benchmarks                                ││                                                                             ││                                                                   ││
││- [x] Evidence log                              ││                                                                             ││                                                                   ││
││                                                ││                                                                             ││                                                                   ││
││e: next set · click → Visual Effects            ││Click → Action Timeline                                                      ││Click → Markdown                                                   ││
│╰────────────────────────────────────────────────╯╰─────────────────────────────────────────────────────────────────────────────╯╰───────────────────────────────────────────────────────────────────╯│
│g:charts c:code e:fx m:md | 1-9:screens | Tab:next | t:theme | ?:help | q:quit                                                                                                                        │
╰──────────────────────────────────────────────────────────────────────────────────────────────────────────────────────────────────────────────────────────────────────────────────────────────────────╯
 Dashboard [2/42]  High Contrast [h] [cmd] [p] [d]  Mouse: ON A11y:HC RM LT                               Tab: next screen · Shift+Tab: prev │ tick:0 frm:0                                200x50 00:00 