 1: Dash │ 2: Shakes │ 3: Code │ 4: Widgets │ 5: Layout │ 6: Forms │ 7: DataViz 
╭──────────────────────────────────Dashboard───────────────────────────────────╮
│FRANKENTUI DASHBOARD                                                          │
│╭──────Plasma──────╮╭───────────Charts────────────╮╭──────────Code───────────╮│
││⣿⣿⣿⣿⣿⣿⣿⣿⣿⣿⣿⣿⣿⣿⣿⣿⣿⣿││CPU ▃ ▃▃▂▂▁▁▄▃▄▂▅▅▅▆▂▄▅▃▆▅▄▄▆││// FrankenTUI            ││
││⣿⣿⣿⣿⣿⣿⣿⣿⣿⣿⣿⣿⣿⣿⣿⣿⣿⣿││MEM ▅▂ ▃▁▄▄▂▂▇▅▃▅▂▃▄▆▄▇█▂▆▅▄▂││use ftui::*;             ││
││⣿⣿⣿⣿⣿⣿⣿⣿⣿⣿⣿⣿⣿⣿⣿⣿⣿⣿││NET ▁▁▁▁▁  ▁   ▇▁▁    ▁ █▁▁▁▁││                         ││
││⣿⣿⣿⣿⣿⣿⣿⣿⣿⣿⣿⣿⣿⣿⣿⣿⣿⣿││                             ││fn main() {              ││
││⣿⣿⣿⣿⣿⣿⣿⣿⣿⣿⣿⣿⣿⣿⣿⣿⣿⣿││                             ││  App::run()             ││
││⣿⣿⣿⣿⣿⣿⣿⣿⣿⣿⣿⣿⣿⣿⣿⣿⣿⣿││                             │╰─────────────────────────╯│
││⣿⣿⣿⣿⣿⣿⣿⣿⣿⣿⣿⣿⣿⣿⣿⣿⣿⣿││                             │╭──────────Info───────────╮│
││⣿⣿⣿⣿⣿⣿⣿⣿⣿⣿⣿⣿⣿⣿⣿⣿⣿⣿││                             ││FPS: 0                   ││
││⣿⣿⣿⣿⣿⣿⣿⣿⣿⣿⣿⣿⣿⣿⣿⣿⣿⣿││                             ││78x20                    ││
│╰──────────────────╯╰────────────────────╔══════════════ A11y ══════════════╗╯│
│╭─────────Statistics──────────╮╭─────────║ Theme: Cyberpunk Aurora──────────║╮│
││24S 45W 7E                   ││- 00:02 C║ [H] High Contrast: OFFe 3        ║││
││                             ││         ║ [M] Reduced Motion: OFF          ║││
││                             ││         ║ [L] Large Text: OFF              ║││
││                             ││         ║ Press A to close                 ║││
││                             ││         ║                                  ║││
│╰─────────────────────────────╯╰─────────╚══════════════════════════════════╝╯│
│1-9:screens | Tab:next | t:theme | ?:help | q:quit                            │
╰──────────────────────────────────────────────────────────────────────────────╯
 Dashboard [1/24]  Darcula                tick:0 frm:0                0x0 00:00 