 1: Dash │ 2: Shakes │ 3: Code │ 4: Widgets │ 5: Layout │ 6: Forms │ 7: DataViz │ 8: Files │ 9: Adv │ 0: Perf │         
╭─────────────────────────────────────────────────────Shakespeare──────────────────────────────────────────────────────╮
│┏━━━━━━━━━━━━━━━━━━━━━━━Complete Works of William Shakespeare━━━━━━━━━━━━━━━━━━━━━━━┓╭───────────Contents────────────╮│
│┃     1 The Project Gutenberg eBook of The Complete Works of William Shakespeare   █┃│Complete Works                 ││
│┃     2                                                                            │┃│├── THE SONNETS                ││
│┃     3 This ebook is for the use of anyone anywhere in the United States and      │┃│├── THE SONNETS                ││
│┃     4 most other parts of the world at no cost and with almost no restrictions   │┃│├── ALL’S WELL THAT ENDS WELL  ││
│┃     5 whatsoever. You may copy it, give it away or re-use it under the terms     │┃│├── KING OF FRANCE.            ││
│┃     6 of the Project Gutenberg License included with this ebook or online        │┃│├── COUNTESS.                  ││
│┃     7 at www.gutenberg.org. If you are not located in the United States,         │┃│├── COUNTESS.                  ││
│┃     8 you will have to check the laws of the country where you are located       │┃│├── COUNTESS.                  ││
│┃     9 before using this eBook.                                                   │┃│├── COUNTESS.                  ││
│┃    10                                                                            │┃│├── COUNTESS.                  ││
│┃    11 Title: The Complete Works of William Shakespeare                           │┃│├── COUNTESS.                  ││
│┃    12                                                                            │┃│├── COUNTESS.                  ││
│┃    13 Author: William Shakespeare                                                │┃│├── COUNTESS.                  ││
│┃    14                                                                            │┃│├── COUNTESS.                  ││
│┃    15 Release date: January 1, 1994 [eBook #100]                                 │┃│├── PAROLLES.                  ││
│┃    16                 Most recently updated: August 24, 2025                     │┃│├── PAROLLES.                  ││
│┃    17                                                                            │┃│├── PAROLLES.                  ││
│┃    18 Language: English                                                          │┃│├── PAROLLES.                  ││
│┃    19                                                                            │┃│├── PAROLLES.                  ││
│┃    20                                                                            │┃│├── PAROLLES.                  ││
│┃    21                                                                            │┃│├── PAROLLES.                  ││
│┃    22 *** START OF THE PROJECT GUTENBERG EBOOK THE COMPLETE WORKS OF WILLIAM SHAK│┃│├── PAROLLES.                  ││
│┃    23                                                                            │┃│├── PAROLLES.                  ││
│┃    24                                                                            │┃│├── PAROLLES.                  ││
│┃    25                                                                            │┃│├── PAROLLES.                  ││
│┃    26                                                                            │┃│├── PAROLLES.                  ││
│┃    27 The Complete Works of William Shakespeare                                  │┃│├── PAROLLES.                  ││
│┃    28                                                                            │┃│├── PAROLLES.                  ││
│┃    29 by William Shakespeare                                                     │┃│├── PAROLLES.                  ││
│┃    30                                                                            │┃│├── PAROLLES.                  ││
│┃    31                                                                            │┃│├── PAROLLES.                  ││
│┃    32                                                                            │┃│├── FIRST LORD.                ││
│┃    33                                                                            │┃│├── FIRST LORD.                ││
│┗━━━━━━━━━━━━━━━━━━━━━━━━━━━━━━━━━━━━━━━━━━━━━━━━━━━━━━━━━━━━━━━━━━━━━━━━━━━━━━━━━━━┛╰───────────────────────────────╯│
│ Line 1/196395 (0%) | Preamble                                                                                        │
╰──────────────────────────────────────────────────────────────────────────────────────────────────────────────────────╯
 Shakespeare [2/24]  Cyberpunk Aurora A11y:LT                         tick:0 frm:0                         120x40 00:00 