 1: Tour │ 2: Dash │ 3: Shakes │ 4: Code │ 5: Widgets │ 6: Layout │ 7: Forms    
╭──────────────────────────────────Dashboard───────────────────────────────────╮
│FRANKENTUI DASHBOARD                                                          │
│╭──────Plasma──────╮╭───────Charts · Pulse────────╮╭───Code · Rust (1/28)────╮│
││⣿⣿⣿⣿⣿⣿⣿⣿⣿⣿⣿⣿⣿⣿⣿⣿⣿⣿││g:cycle · sparklines + mini b││// runtime.rs            ││
││⣿⣿⣿⣿⣿⣿⣿⣿⣿⣿⣿⣿⣿⣿⣿⣿⣿⣿││CPU ▃ ▃▃▂▂▁▁▄▃▄▂▅▅▅▆▂▄▅▃▆ 46%││use std::{collections::Ha││
││⣿⣿⣿⣿⣿⣿⣿⣿⣿⣿⣿⣿⣿⣿⣿⣿⣿⣿││MEM ▅▂ ▃▁▄▄▂▂▇▅▃▅▂▃▄▆▄▇█▂ 41%││                         ││
││⣿⣿⣿⣿⣿⣿⣿⣿⣿⣿⣿⣿⣿⣿⣿⣿⣿⣿││NET ▁▁▁▁▁  ▁   ▇▁▁    ▁ █▁ 14││use ftui_core::event::Eve││
││⣿⣿⣿⣿⣿⣿⣿⣿⣿⣿⣿⣿⣿⣿⣿⣿⣿⣿││OUT ▁▁▁▃▁█  ▁▁ ▁  ▁▁▇    ▁149││Click → Code Explorer::Ce││
││⣿⣿⣿⣿⣿⣿⣿⣿⣿⣿⣿⣿⣿⣿⣿⣿⣿⣿││EPS ████░ DSK ███░░ IO  ░░░░░│╰─────────────────────────╯│
││⣿⣿⣿⣿⣿⣿⣿⣿⣿⣿⣿⣿⣿⣿⣿⣿⣿⣿││                             │╭──────────Info───────────╮│
││⣿⣿⣿⣿⣿⣿⣿⣿⣿⣿⣿⣿⣿⣿⣿⣿⣿⣿││                             ││Status:NOMINAL FPS:0     ││
││Click → Visual Eff││Click → Data Viz             ││Click → Performance      ││
│╰──────────────────╯╰─────────────────────────────╯╰─────────────────────────╯│
│╭Text FX · 2-Up (1/28)╮╭──────────Activity───────────╮╭Markdown · Streaming…╮ │
││Sample 1 of 3 · 2-Up ││SEV TIME  COMP  MESSAGE      ││▌                    │ │
││1 · None · S1        ││ INFO  00:02   CPU spike dete││                     │ │
││2 · FadeIn · S2      ││                             ││                     │ │
││## GFM Stress · Ledge││                             ││                     │ │
││e: next set · click →││Click → Action Timeline      ││Click → Markdown     │ │
│╰─────────────────────╯╰─────────────────────────────╯╰─────────────────────╯ │
│g:charts c:code e:fx m:md | 1-9:screens | Tab:next | t:theme | ?:help | q:quit│
╰──────────────────────────────────────────────────────────────────────────────╯
 Dashboard [2/42] [h] [cmd] [p] [d]    Tab/Shift+Tab: next/prev     80x24 00:00 