 1: Dash │ 2: Shakes │ 3: Code │ 4: Widgets │ 5: Layout │ 6: Forms │ 7: DataViz 
╭────────────────────────────────Widget Gallery────────────────────────────────╮
│▸ A: Inputs │   B: Display │   C: Status │   D: Data Viz │   E: Navigation │  │
│╭TextInput────────────────────────────╮╭Masked Input─────────────────────────╮│
││demo@example.com                     ││••••••                               ││
│╰─────────────────────────────────────╯╰─────────────────────────────────────╯│
│╭TextArea────────────────────────────────────────────────────────────────────╮│
││1  FrankenTUI text area                                                     ││
││2  - Multi-line editing                                                     ││
││3  - Soft wrap enabled                                                      ││
││4  - Line numbers                                                           ││
│╰────────────────────────────────────────────────────────────────────────────╯│
│╭Checkboxes + Radios──────────────────╮╭Select + Number + Slider─────────────╮│
││[ ] Enable autosave                  ││Select: [High ▾]                     ││
││[x] Sync on save                     ││Number: [-]  42  [+]                 ││
││( ) Light theme                      ││Slider: 30%  [■■■■■─────]            ││
││(*) Dark theme                       ││                                     ││
││                                     ││                                     ││
││                                     ││                                     ││
││                                     ││                                     ││
│╰─────────────────────────────────────╯╰─────────────────────────────────────╯│
│*......                                                                       │
╰──────────────────────────────────────────────────────────────────────────────╯
 Widget Gallery [4/24]  Cyberpunk Aurora A11y:LT    tick:0 frm:0    80x24 00:00 