 1: Dash │ 2: Shakes │ 3: Code │ 4: Widgets │ 5: Layout │ 6: Forms │ 7: DataViz │ 8: Files │ 9: Adv │ 0: Perf │         
╭──────────────────────────────────────────────────────Dashboard───────────────────────────────────────────────────────╮
│FRANKENTUI DASHBOARD                                                                                                  │
│╭────────Plasma────────╮╭─────────────Charts──────────────╮╭──────────────Code───────────────╮╭─────────Info─────────╮│
││⣿⣿⣿⣿⣿⣿⣿⣿⣿⣿⣿⣿⣿⣿⣿⣿⣿⣿⣿⣿⣿⣿││CPU ▃ ▃▃▂▂▁▁▄▃▄▂▅▅▅▆▂▄▅▃▆▅▄▄▆▆▅▆▇││// FrankenTUI                    ││FPS: 0                ││
││⣿⣿⣿⣿⣿⣿⣿⣿⣿⣿⣿⣿⣿⣿⣿⣿⣿⣿⣿⣿⣿⣿││MEM ▅▂ ▃▁▄▄▂▂▇▅▃▅▂▃▄▆▄▇█▂▆▅▄▂▇▅▆█││use ftui::*;                     ││118x36                ││
││⣿⣿⣿⣿⣿⣿⣿⣿⣿⣿⣿⣿⣿⣿⣿⣿⣿⣿⣿⣿⣿⣿││NET ▁▁▁▁▁  ▁   ▇▁▁    ▁ █▁▁▁▁█▁ ▁││                                 ││Darcula               ││
││⣿⣿⣿⣿⣿⣿⣿⣿⣿⣿⣿⣿⣿⣿⣿⣿⣿⣿⣿⣿⣿⣿││                                 ││fn main() {                      ││Tick: 30              ││
││⣿⣿⣿⣿⣿⣿⣿⣿⣿⣿⣿⣿⣿⣿⣿⣿⣿⣿⣿⣿⣿⣿││                                 ││  App::run()                     ││                      ││
││⣿⣿⣿⣿⣿⣿⣿⣿⣿⣿⣿⣿⣿⣿⣿⣿⣿⣿⣿⣿⣿⣿││                                 ││}                                ││                      ││
││⣿⣿⣿⣿⣿⣿⣿⣿⣿⣿⣿⣿⣿⣿⣿⣿⣿⣿⣿⣿⣿⣿││                                 ││                                 ││                      ││
││⣿⣿⣿⣿⣿⣿⣿⣿⣿⣿⣿⣿⣿⣿⣿⣿⣿⣿⣿⣿⣿⣿││                                 ││                                 ││                      ││
││⣿⣿⣿⣿⣿⣿⣿⣿⣿⣿⣿⣿⣿⣿⣿⣿⣿⣿⣿⣿⣿⣿││                                 ││                                 ││                      ││
││⣿⣿⣿⣿⣿⣿⣿⣿⣿⣿⣿⣿⣿⣿⣿⣿⣿⣿⣿⣿⣿⣿││                                 ││                                 ││                      ││
││⣿⣿⣿⣿⣿⣿⣿⣿⣿⣿⣿⣿⣿⣿⣿⣿⣿⣿⣿⣿⣿⣿││                                 ││                                 ││                      ││
││⣿⣿⣿⣿⣿⣿⣿⣿⣿⣿⣿⣿⣿⣿⣿⣿⣿⣿⣿⣿⣿⣿││                                 ││                                 ││                      ││
││⣿⣿⣿⣿⣿⣿⣿⣿⣿⣿⣿⣿⣿⣿⣿⣿⣿⣿⣿⣿⣿⣿││                                 ││                                 ││                      ││
││⣿⣿⣿⣿⣿⣿⣿⣿⣿⣿⣿⣿⣿⣿⣿⣿⣿⣿⣿⣿⣿⣿││                                 ││                                 ││                      ││
││⣿⣿⣿⣿⣿⣿⣿⣿⣿⣿⣿⣿⣿⣿⣿⣿⣿⣿⣿⣿⣿⣿││                                 ││                                 ││CPU ██████░░░░░░░  46%││
││⣿⣿⣿⣿⣿⣿⣿⣿⣿⣿⣿⣿⣿⣿⣿⣿⣿⣿⣿⣿⣿⣿││                                 ││                                 ││MEM █████░░░░░░░░  41%││
││⣿⣿⣿⣿⣿⣿⣿⣿⣿⣿⣿⣿⣿⣿⣿⣿⣿⣿⣿⣿⣿⣿││                                 ││                                 ││DSK █████████░░░░  67%││
│╰──────────────────────╯╰─────────────────────────────────╯╰─────────────────────────────────╯╰──────────────────────╯│
│╭─────────Statistics─────────╮╭──────────────────Activity───────────────────╮╭───────────────Markdown────────────────╮│
││24S 45W 7E                  ││- 00:02 CPU spike detected on core 3         ││Bold italic `code` E=mc²               ││
││                            ││                                             ││✓ TUI framework                        ││
││                            ││                                             ││                                       ││
││                            ││                                             ││                                       ││
││                            ││                                             ││                                       ││
││                            ││                                             ││                                       ││
││                            ││                                             ││   ╔══════════════ A11y ══════════════╗││
││                            ││                                             ││   ║ Theme: High Contrast (Cyberpunk A║││
││                            ││                                             ││   ║ [H] High Contrast: ON            ║││
││                            ││                                             ││   ║ [M] Reduced Motion: ON           ║││
││                            ││                                             ││   ║ [L] Large Text: ON               ║││
││                            ││                                             ││   ║ Press A to close                 ║││
││                            ││                                             ││   ║                                  ║││
│╰────────────────────────────╯╰─────────────────────────────────────────────╯╰───╚══════════════════════════════════╝╯│
│1-9:screens | Tab:next | t:theme | ?:help | q:quit                                                                    │
╰──────────────────────────────────────────────────────────────────────────────────────────────────────────────────────╯
 Dashboard [1/24]  Darcula A11y:HC RM LT                             tick:0 frm:0                             0x0 00:00 