 1: Tour │ 2: Dash │ 3: Shakes │ 4: Code │ 5: Widgets │ 6: Layout │ 7: Forms │ 8: DataViz │ 9: Files │ 0: Adv           
╭───────────────────────────────────────────────────────Data Viz───────────────────────────────────────────────────────╮
│╭─────────────Sparklines──────────────╮╭────────Bar Chart (Vertical)─────────╮╭────────────Spectrum Bars─────────────╮│
││Sine wave: -0.66                     ││                              ▂▂    █││          █ █                         ││
││▄▇█▅▁ ▃▇█▆▂ ▂▆█▇▃ ▁▅█▇▄▁ ▃▇█▅▁       ││                              ██    █││          █ █ █                       ││
││Cosine wave: -0.75                   ││          ▂▂    ▇▇            ██ ▅▅ █││        █ █ █ █                       ││
││█▆▂ ▁▅█▇▃ ▁▄▇█▅▁ ▃▇█▆▂ ▂▆█▇▃ ▁       ││      ▆▆  ██    ██     ▃▃     ██ ██ █││        █ █ █ █                       ││
││Random noise: -0.92                  ││      ██  ██ ▂▂ ██     ██ ▅▅  ██ ██ █││      █ █ █ █ █                       ││
││█▇▁▃▁▅▃▄▄▆ █▂ ▃▃▆▃▅█▁█▄ ▇▆▃▁         ││▆▆ ▁▁ ██  ██ ██ ██     ██ ██  ██ ██ █││      █ █ █ █ █                       ││
││SIN █░░░░░░░ COS █░░░░░░░ RND ░░░░░░░││██ ██ ██  ██ ██ ██  ▅▅ ██ ██  ██ ██ █││      █ █ █ █ █                       ││
││                                     ││██ ██ ██  ██ ██ ██  ██ ██ ██  ██ ██ █││    █ █ █ █ █ █                       ││
││                                     ││██ ██ ██  ██ ██ ██  ██ ██ ██  ██ ██ █││█ █ █ █ █ █ █ █                       ││
││                                     ││██ ██ ██  ██ ██ ██  ██ ██ ██  ██ ██ █││█ █ █ █ █ █ █ █                       ││
││                                     ││██ ██ ██  ██ ██ ██  ██ ██ ██  ██ ██ █││█ █ █ █ █ █ █ █                       ││
││                                     ││██ ██ ██  ██ ██ ██  ██ ██ ██  ██ ██ █││█ █ █ █ █ █ █ █                       ││
││                                     ││   Q         Q         Q         Q   ││3 6 1 2 5 1 2 4                       ││
│╰─────────────────────────────────────╯╰─────────────────────────────────────╯╰──────────────────────────────────────╯│
│╭─────────────Line Chart──────────────╮╭──────────Canvas + Heatmap───────────╮╭────────────Signal Matrix─────────────╮│
│││⡄ ⢀    ⣄ ⢠     ⢀⢠⡀    ⢠⢀   ■ sin(t) ││⡏⡭⠭⠭⠭⠭⠭⠭⠍⠭⠭⠭⠩⠭⡉⣉⡉⣉⣉⣉⢉⣉⢉⠭⠍⠭⠭⠭⠩⠭⠭⠭⠭⠭⠭⢭⡇││Heatmap:                              ││
│││⢼⡎⠹⡀  ⢠⠃⢣⠏⡆  ⡇⡎⠹⡎⠱⡀  ⢀⢿⡾⠉⡆ ■ cos(t) ││⡇⠉⠓⠢⠤⢄⣀⣀⣀⠤⠤⠠⠒⠂⠊⠁⠉⠉ ⠉⠉⠈⠑⠐⠒⠄⠤⠤⣀⣀⣀⡠⠤⠔⠚⠉⡇││                                      ││
│││⢸⡇ ⡇  ⢸ ⡸⡄⢣  ⣷⠁⢠⡇ ⡇⡀ ⡸⣿⣧⢠⢳ ■⢸noise  ││⡇⢀⣀⠤⠒⠊⠉⠉⠈⠒⠒⠤⠠⣀⡀⡀     ⢀⢀⣀⠄⠤⠒⠒⠁⠉⠉⠑⠒⠤⣀⡀⡇││                                      ││
│││⢸⢱ ⢣  ⡇ ⡇⡇⢸⡀⢸⢸ ⡸⢣ ⢱⢧ ⣷⢩⡿⣸⢸  ⡾⠈⡾⢱ ⡇  ││⡇⡏           ⡀⣀⠬⠡⠕⠒⠪⠌⠥⣀⢀           ⢹⡇││                                      ││
│││⡎⢸⡀⢸ ⢰⢇⢰⠁⢣⡏⡇⢸⣿ ⡇⢸ ⢸⢸⢰⡏⢸⡇⣿⠘⡆ ⡇ ⣧⢸ ⢣  ││⡇⠉⠲⠤⣀⢀⣀⠤⠤⠒⠊⠈⠉           ⠉⠁⠑⠒⠤⠤⣀⡀⣀⠤⠖⠉⡇││                                      ││
│││⠁⠈⡇⢈⡆⣸⢸⡜⡠⢺ ⣷⢸⢿⢰⠁ ⡇⡸⡆⡟ ⡜⡇⣷ ⡇⢰⠇⢸⢸⠈⡆⠸⡀ ││⡇⡠⠖⠒⠉⠉⠉⠒⠒⠢⠠⠤⣀⢀⣀⢀     ⡀⣀⡀⣀⠤⠄⠔⠒⠒⠉⠉⠉⠒⠲⢄⡇││                                      ││
│││  ⣷⡜⡇⡏ ⡗⠁⠘⡄⢸⣸ ⡿ ⢀⣱⠇⡇⡇ ⡇⢇⡿⡀⢻⣸ ⡜ ⡇⡇ ⡇ ││⠧⠵⠶⠶⠶⠶⠶⠶⠶⠶⠴⠶⠦⠶⠶⠴⠯⠭⠭⠭⠽⠦⠶⠶⠴⠶⠦⠶⠶⠶⠶⠶⠶⠶⠶⠮⠇││                                      ││
│││  ⢹⡇⢷⠇⢸   ⡇⢸⣿ ⡇ ⡜⠸⡀⢸ ⢠⠃⢸⠃⢇⢸⣿ ⡇ ⢸⢸ ⢱ ││Heatmap                              ││                                      ││
│││  ⠈⢇⡞⢄⡜   ⢱⣀⡿⣸⠘⣄⠇ ⢣⡜⡄⡜ ⠸ ⠸⣸⣇⢰⠁  ⢟⡄⡔ ││                                     ││                                      ││
│││   ⠘  ⠁   ⠈  ⠃ ⠘   ⠁⠋     ⠃⠁⠉    ⠋⠉ ││                                     ││                                      ││
││└────────────────────────────────────││                                     ││                                      ││
│╰─────────────────────────────────────╯╰─────────────────────────────────────╯╰──────────────────────────────────────╯│
│╭───────────Sine────────────╮ ╭────────────Cos────────────╮ ╭───────────Noise───────────╮ ╭───────────Mix────────────╮│
││▄▇█▅▁ ▃▇█▆▂ ▂▆█▇▃ ▁▅█▇▄▁ ▃▇│ │█▆▂ ▁▅█▇▃ ▁▄▇█▅▁ ▃▇█▆▂ ▂▆█▇│ │█▇▁▃▁▅▃▄▄▆ █▂ ▃▃▆▃▅█▁█▄ ▇▆▃│ │▇█▅▂ ▂▆█▆▃ ▁▅█▇▄  ▄▇█▅▁ ▃▆││
││█████░░░░░░░░░░░░░░░░░░░░░░│ │███░░░░░░░░░░░░░░░░░░░░░░░░│ │█░░░░░░░░░░░░░░░░░░░░░░░░░░│ │████░░░░░░░░░░░░░░░░░░░░░░││
││17%                        │ │13%                        │ │4%                         │ │15%                       ││
││                           │ │                           │ │                           │ │                          ││
││                           │ │                           │ │                           │ │                          ││
│╰───────────────────────────╯ ╰───────────────────────────╯ ╰───────────────────────────╯ ╰──────────────────────────╯│
│Tick: 30 | ←/→/↑/↓: panels | d: toggle bar direction                                                                  │
╰──────────────────────────────────────────────────────────────────────────────────────────────────────────────────────╯
 Data Viz [8/42]  High Contrast [h] [cmd] [p] [d]  Mouse: ON A11y:HC RM LT    Tab/Shift+Tab: next/prev     120x40 00:00 