 1: Tour │ 2: Dash │ 3: Shakes │ 4: Code │ 5: Widgets │ 6: Layout │ 7: Forms │ 8: DataViz │ 9: Files │ 0: Adv           
╭────────────────────────────────────────────────────Widget Gallery────────────────────────────────────────────────────╮
│▸ A: Inputs │   B: Display │   C: Status │   D: Data Viz │   E: Navigation │   F: Layout │   G: Utility │   H: Advance│
│╭TextInput────────────╮╭Masked Input────────╮╭Command Palette─────────────────────╮╭Log Viewer───────────────────────╮│
││demo@example.com     ││••••••              ││                                    ││INFO  boot: FrankenTUI demo      ││
││                     ││                    ││   ┌───── Command Palette ──────┐   ││started                          ││
││                     ││                    ││   │>Type to search...          │   ││DEBUG layout: resolved 6         ││
││                     ││                    ││   │> [App] Quit  Exit the appl…│   ││constraints                      ││
││                     ││                    ││   │  [File] Open File  Open a …│   ││WARN  io: slow disk detected,    ││
│╰─────────────────────╯╰────────────────────╯│   │  [File] Save File  Save cu…│   ││using cache                      ││
│╭TextArea───────────────────────────────────╮│   │  [View] Cycle Theme  Switc…│   ││INFO  render: diff cells=512     ││
││1  FrankenTUI text area                    ││   │  [View] Toggle Performance…│   ││runs=18 bytes=9.6KB              ││
││2  - Multi-line editing                    ││   └────────────────────────────┘   ││INFO  net: connected to telemetry││
││3  - Soft wrap enabled                     ││                                    ││endpoint                         ││
││4  - Line numbers                          │╰────────────────────────────────────╯│ERROR auth: token expired,       ││
││                                           │╭File Picker─────────────────────────╮│refresh scheduled                ││
││                                           ││.                                   │╰─────────────────────────────────╯│
││                                           ││> ?? benches                        │╭ProgressBar──────────────────────╮│
││                                           ││  ?? data                           ││               0%                ││
││                                           ││  ?? proptest-regressions           ││               25%               ││
││                                           ││  ?? src                            ││               50%               ││
││                                           ││  ?? tests                          ││               75%               ││
││                                           ││    .ubsignore                      ││              100%               ││
││                                           ││    a.out                           ││                                 ││
│╰───────────────────────────────────────────╯│    Cargo.toml                      ││                                 ││
│╭Checkboxes ╮╭Select + N╮╭Validation + Timer╮│                                    │╰─────────────────────────────────╯│
││[ ] Enable ││Select: [H││! Invalid email a…│╰────────────────────────────────────╯╭Spinners─────────────────────────╮│
││[x] Sync on││Number: [-││ETA  00:59        │╭Notifications───────────────────────╮│⠋ Loading (DOTS)                 ││
││( ) Light t││Slider: 30││?? j/k Navigate … ││                                    │╰─────────────────────────────────╯│
││(*) Dark th││          ││                  ││                                    │╭Toast────────────────────────────╮│
││           ││          ││                  ││                                    ││┌───────────────────────────────┐││
││           ││          ││                  ││                                    │││Success                        │││
││           ││          ││                  ││                                    │││✓ Settings saved successfully  │││
││           ││          ││                  ││                                    ││└───────────────────────────────┘││
││           ││          ││                  ││                                    ││                                 ││
││           ││          ││                  ││                                    ││                                 ││
│╰───────────╯╰──────────╯╰──────────────────╯╰────────────────────────────────────╯╰─────────────────────────────────╯│
│*.......                                                                                                              │
╰──────────────────────────────────────────────────────────────────────────────────────────────────────────────────────╯
 Widget Gallery [5/42]  Cyberpunk Aurora [h] [cmd] [p] [d]  Mouse: ON A11y:LT   Tab/Shift+Tab: next/prev   120x40 00:00 