 1: Tour │ 2: Dash │ 3: Shakes │ 4: Code │ 5: Widgets │ 6: Layout │ 7: Forms │ 8: DataViz │ 9: Files │ 0: Adv           
╭────────────────────────────────────────────────────Forms & Input─────────────────────────────────────────────────────╮
│╭────────────────────Registration Form────────────────────╮╭───────────────────────Text Inputs───────────────────────╮│
││ DRAFT   REQ 0/3   ERR 0   FIELDS 3/6                    ││ Search   Search...                                      ││
││Name *:         Enter your name...                       ││ Password Password                                       ││
││Email *:        user@example.com                         ││                                                         ││
││Role:             Developer                              │╰─────────────────────────────────────────────────────────╯│
││Theme:          (1) Light                                │╭───────────────────────Text Editor───────────────────────╮│
││Age:              25                                     ││1  Hello, world!                                         ││
││Accept Terms *: [ ]                                      ││2                                                        ││
││                                                         ││3  This is a multi-line text editor.                     ││
││                                                         ││4  You can type, select, undo/redo, and more.            ││
││                                                         ││5                                                        ││
││                                                         ││6  Try Shift+Arrow to select text.                       ││
││                                                         ││7  Ctrl+A selects all.                                   ││
││                                                         ││8  Ctrl+Z to undo, Ctrl+Y to redo.                       ││
││                                                         ││                                                         ││
││                                                         ││                                                         ││
││                                                         ││                                                         ││
││                                                         ││                                                         ││
││                                                         ││                                                         ││
││                                                         ││                                                         ││
││                                                         ││                                                         ││
││                                                         ││                                                         ││
││                                                         ││                                                         ││
││                                                         ││                                                         ││
││                                                         ││                                                         ││
││                                                         ││                                                         ││
││                                                         ││                                                         ││
││                                                         ││                                                         ││
││                                                         ││                                                         ││
││                                                         ││                                                         ││
││                                                         ││                                                         ││
││                                                         ││                                                         ││
││Tab: next | Enter: submit | Esc: cancel                  ││                                                         ││
││Legend: * required | red=error | green=valid | dim=disabl││                                                         ││
│╰─────────────────────────────────────────────────────────╯╰─────────────────────────────────────────────────────────╯│
│Editing: Name (field 1/6) | Required: 0/3 | Undo:0 Redo:0 | Errors: 0 | Ctrl+U: Show history                          │
╰──────────────────────────────────────────────────────────────────────────────────────────────────────────────────────╯
 Forms & Input [7/42]  Cyberpunk Aurora [h] [cmd] [p] [d]  Mouse: ON A11y:LT   Tab/Shift+Tab: next/prev    120x40 00:00 