 1: Dash │ 2: Shakes │ 3: Code │        
╭──────────────Dashboard───────────────╮
│FRANKENTUI DASHBOARD                  │
│╭──Plasma───╮CPU ▃ ▃▃▂▂▁▁▄▃▄▂▅▅▅▆▂▄▅▃▆│
││⣿⣿⣿⣿⣿⣿⣿⣿⣿⣿⣿│MEM ▅▂ ▃▁▄▄▂▂▇▅▃▅▂▃▄▆▄▇█▂│
││⣿⣿⣿⣿⣿⣿⣿⣿⣿⣿⣿│FPS:0 38x6               │
│╰───────────╯                         │
│t:theme q:quit                        │
╰──────────────────────────────────────╯
 Dashboard [1/24]  Cyberpunk Aurora A11y