 1: Tour │ 2: Dash │ 3: Shakes │ 4: Code │ 5: Widgets │ 6: Layout │ 7: Forms    
╭──────────────────────────────────Dashboard───────────────────────────────────╮
│FRANKENTUI DASHBOARD                                                          │
│╭──────Plasma──────╮╭───────Charts · Pulse────────╮╭───Code · Rust (1/28)────╮│
││⣿⣿⣿⣿⣿⣿⣿⣿⣿⣿⣿⣿⣿⣿⣿⣿⣿⣿││g:cycle · sparklines + mini b││// runtime.rs            ││
││⣿⣿⣿⣿⣿⣿⣿⣿⣿⣿⣿⣿⣿⣿⣿⣿⣿⣿││CPU ▃ ▃▃▂▂▁▁▄▃▄▂▅▅▅▆▂▄▅▃▆ 46%││use std::{collections::Ha││
││⣿⣿⣿⣿⣿⣿⣿⣿⣿⣿⣿⣿⣿⣿⣿⣿⣿⣿││MEM ▅▂ ▃▁▄▄▂▂▇▅▃▅▂▃▄▆▄▇█▂ 41%││                         ││
││⣿⣿⣿⣿⣿⣿⣿⣿⣿⣿⣿⣿⣿⣿⣿⣿⣿⣿││NET ▁▁▁▁▁  ▁   ▇▁▁    ▁ █▁ 14││use ftui_core::event::Eve││
││⣿⣿⣿⣿⣿⣿⣿⣿⣿⣿⣿⣿⣿⣿⣿⣿⣿⣿││OUT ▁▁▁▃▁█  ▁▁ ▁  ▁▁▇    ▁149││Click → Code Explorer::Ce││
││⣿⣿⣿⣿⣿⣿⣿⣿⣿⣿⣿⣿⣿⣿⣿⣿⣿⣿││EPS ████░ DSK ███░░ IO  ░░░░░│╰─────────────────────────╯│
││⣿⣿⣿⣿⣿⣿⣿⣿⣿⣿⣿⣿⣿⣿⣿⣿⣿⣿││                             │╭──────────Info───────────╮│
││⣿⣿⣿⣿⣿⣿⣿⣿⣿⣿⣿⣿⣿⣿⣿⣿⣿⣿││                             ││Status:NOMINAL FPS:0     ││
││Click → Visual Eff││Click → Data Viz             ││Click → Performance      ││
│╰──────────────────╯╰────────────────────╔══════════════ A11y ══════════════╗╯│
│╭Text FX · 2-Up (1/28)╮╭──────────Activit║ Theme: Cyberpunk Aurora          ║ │
││Sample 1 of 3 · 2-Up ││SEV TIME  COMP  M║ [H] High Contrast: OFF           ║ │
││1 · None · S1        ││ INFO  00:02   CP║ [M] Reduced Motion: OFF          ║ │
││2 · FadeIn · S2      ││                 ║ [L] Large Text: OFF              ║ │
││## GFM Stress · Ledge││                 ║ Press A to close                 ║ │
││e: next set · click →││Click → Action Ti║                                  ║ │
│╰─────────────────────╯╰─────────────────╚══════════════════════════════════╝ │
│g:charts c:code e:fx m:md | 1-9:screens | Tab:next | t:theme | ?:help | q:quit│
╰──────────────────────────────────────────────────────────────────────────────╯
 Dashboard [2/42] [h] [cmd] [p] [d]  Mouse: ONTab/Shift+Tab: next/prev0x0 00:00 