╭───────────────────────────────────────────────────Filters + Follow───────────────────────────────────────────────────╮
│Follow[F]: OFF  Component[C]: all  Severity[S]: all  Type[T]: all  Clear[X]                                           │
╰──────────────────────────────────────────────────────────────────────────────────────────────────────────────────────╯
╭─────────────────────────Event Timeline──────────────────────────╮╭───────────────────Event Detail────────────────────╮
│   8 WARN  core    sub     Subscription tick delivered           ││ID: 16                                             │
│  10 TRACE runtime render  Frame diff computed                   ││Tick: 8                                            │
│  12 INFO  render  present Presenter emitted ANSI batch          ││Severity: WARN                                     │
│  14 ERROR widgets present Presenter emitted ANSI batch          ││Component: core                                    │
│  16 DEBUG core    caps    Capability probe updated              ││Type: sub                                          │
│  18 WARN  runtime budget  Render budget degraded                ││                                                   │
│  20 TRACE render  budget  Render budget degraded                ││Summary:                                           │
│  22 INFO  widgets input   Key event processed                   ││  Subscription tick delivered                      │
│  24 ERROR core    cmd     Command dispatched to model           ││                                                   │
│  26 DEBUG runtime cmd     Command dispatched to model           ││Fields:                                            │
│  28 WARN  render  sub     Subscription tick delivered           ││  latency_ms: 5                                    │
│  30 TRACE widgets render  Frame diff computed                   ││  diff_cells: 104                                  │
│  30 INFO  runtime cmd     Auto-follow disabled                  ││  ansi_bytes: 376                                  │
│                                                                 ││                                                   │
│                                                                 ││                                                   │
│                                                                 ││                                                   │
│                                                                 ││                                                   │
│                                                                 ││                                                   │
│                                                                 ││                                                   │
│                                                                 ││                                                   │
│                                                                 ││                                                   │
│                                                                 ││                                                   │
│                                                                 ││                                                   │
│                                                                 ││                                                   │
│                                                                 ││                                                   │
│                                                                 ││                                                   │
│                                                                 ││                                                   │
│                                                                 ││                                                   │
│                                                                 ││                                                   │
│                                                                 ││                                                   │
│                                                                 ││                                                   │
│                                                                 ││                                                   │
│                                                                 ││                                                   │
│                                                                 ││                                                   │
│                                                                 ││                                                   │
╰─────────────────────────────────────────────────────────────────╯╰───────────────────────────────────────────────────╯