╭───────────────────────────────────────────────────Filters + Follow───────────────────────────────────────────────────╮
│Follow[F]: OFF  Component[C]: all  Severity[S]: all  Type[T]: all  Clear[X]                                           │
╰──────────────────────────────────────────────────────────────────────────────────────────────────────────────────────╯
╭─────────────────────────Event Timeline──────────────────────────╮╭───────────────────Event Detail────────────────────╮
│   1 DEBUG core    input   Key event processed                   ││ID: 10                                             │
│   2 INFO  runtime input   Key event processed                   ││Tick: 9                                            │
│   3 WARN  runtime cmd     Command dispatched to model           ││Severity: ERROR                                    │
│   4 ERROR render  cmd     Command dispatched to model           ││Component: core                                    │
│   5 TRACE render  cmd     Command dispatched to model           ││Type: render                                       │
│   6 DEBUG widgets sub     Subscription tick delivered           ││                                                   │
│   7 INFO  widgets sub     Subscription tick delivered           ││Summary:                                           │
│   8 WARN  core    sub     Subscription tick delivered           ││  Frame diff computed                              │
│   9 ERROR core    render  Frame diff computed                   ││                                                   │
│  10 TRACE runtime render  Frame diff computed                   ││Fields:                                            │
│  11 DEBUG runtime render  Frame diff computed                   ││  latency_ms: 8                                    │
│  11 INFO  runtime cmd     Auto-follow disabled                  ││  diff_cells: 117                                  │
│                                                                 ││  ansi_bytes: 423                                  │
│                                                                 ││                                                   │
│                                                                 ││                                                   │
│                                                                 ││                                                   │
│                                                                 ││                                                   │
│                                                                 ││                                                   │
│                                                                 ││                                                   │
│                                                                 ││                                                   │
│                                                                 ││                                                   │
│                                                                 ││                                                   │
│                                                                 ││                                                   │
│                                                                 ││                                                   │
│                                                                 ││                                                   │
│                                                                 ││                                                   │
│                                                                 ││                                                   │
│                                                                 ││                                                   │
│                                                                 ││                                                   │
│                                                                 ││                                                   │
│                                                                 ││                                                   │
│                                                                 ││                                                   │
│                                                                 ││                                                   │
│                                                                 ││                                                   │
│                                                                 ││                                                   │
╰─────────────────────────────────────────────────────────────────╯╰───────────────────────────────────────────────────╯