╭───────────────────────────────────────────────────Filters + Follow───────────────────────────────────────────────────╮
│Follow[F]: OFF  Component[C]: all  Severity[S]: all  Type[T]: all  Clear[X]                                           │
╰──────────────────────────────────────────────────────────────────────────────────────────────────────────────────────╯
╭─────────────────────────Event Timeline──────────────────────────╮╭───────────────────Event Detail────────────────────╮
│   1 DEBUG core    input   Key event processed                   ││ID: 13                                             │
│   2 INFO  runtime input   Key event processed                   ││Tick: 11                                           │
│   3 WARN  runtime cmd     Command dispatched to model           ││Severity: INFO                                     │
│   4 ERROR render  cmd     Command dispatched to model           ││Component: runtime                                 │
│   5 TRACE render  cmd     Command dispatched to model           ││Type: cmd                                          │
│   6 DEBUG widgets sub     Subscription tick delivered           ││                                                   │
│   7 INFO  widgets sub     Subscription tick delivered           ││Summary:                                           │
│   8 WARN  core    sub     Subscription tick delivered           ││  Auto-follow disabled                             │
│   9 ERROR core    render  Frame diff computed                   ││                                                   │
│  10 TRACE runtime render  Frame diff computed                   ││Fields:                                            │
│  11 DEBUG runtime render  Frame diff computed                   ││  rule: manual navigation disables follow mode     │
│  11 INFO  runtime cmd     Auto-follow disabled                  ││  evidence: key: Home                              │
│                                                                 ││  action: follow=false                             │
│                                                                 ││  intuition: user intent is to inspect history with│
│                                                                 ││                                                   │
│                                                                 ││Evidence:                                          │
│                                                                 ││  decision: follow guard                           │
│                                                                 ││                                                   │
│                                                                 ││                                                   │
│                                                                 ││                                                   │
│                                                                 ││                                                   │
│                                                                 ││                                                   │
│                                                                 ││                                                   │
│                                                                 ││                                                   │
│                                                                 ││                                                   │
│                                                                 ││                                                   │
│                                                                 ││                                                   │
│                                                                 ││                                                   │
│                                                                 ││                                                   │
│                                                                 ││                                                   │
│                                                                 ││                                                   │
│                                                                 ││                                                   │
│                                                                 ││                                                   │
│                                                                 ││                                                   │
│                                                                 ││                                                   │
╰─────────────────────────────────────────────────────────────────╯╰───────────────────────────────────────────────────╯