 1: Tour │ 2: Dash │ 3: Shakes │ 4: Code │ 5: Widgets │ 6: Layout │ 7: Forms    
╭────────────────────────────Mermaid Mega Showcase─────────────────────────────╮
│┌────────────────────────────────────────────────────────────────────────────┐│
││ Tier:auto Glyph:unicode Render:braille Wrap:wordchar Layout:auto Dir:auto P││
││                                                                            ││
││                                                                            ││
││                                                                            ││
│└────────────────────────────────────────────────────────────────────────────┘│
│┌ Flow Basic [default] ──────────────────────────────────────────────────────┐│
││                                                                            ││
││                                 ⣿⣿⣿⣿⣿⣿⣿⣿⣿⣿                                 ││
││                                 ⠛⠛⠛⠛⠛⡟⠛⠛⠛⠛                                 ││
││                                  ⣀⣠⣤⣴⣷⣤⣄⣀                                  ││
││                                 ⠉⣹⠛⠛⣿⣿⡟⠛⢫⡉                                 ││
││                           ⢰⣶⣶⣶⣶⣶⣾⣿⣿⣿⡆⢰⣾⣿⣿⣿⣶⣶⣶⣶⣶⡆                           ││
││                           ⠸⠿⠿⠿⠿⢿⡿⠿⠿⢿⠇⠸⢿⠿⠿⠿⣿⠿⠿⠿⠿⠇                           ││
││                                 ⣬⣭⣵⣾⣷⣴⣿⣶⣭⣭                                 ││
││                                 ⣿⣿⣿⣿⣿⣿⣿⣿⣿⣿                                 ││
││                                                                            ││
│└────────────────────────────────────────────────────────────────────────────┘│
│NORMAL  j/k:sample u/U:nodes x/X:density t:tier p:palette H/J/K/L:pan []/{}:si│
│                                                                              │
╰──────────────────────────────────────────────────────────────────────────────╯
 Mermaid Mega Showcase [17/42]        Tab/Shift+Tab: next/prev        0x0 00:00 