 1: Tour │ 2: Dash │ 3: Shakes │ 4: Code │ 5: Widgets │ 6: Layout │ 7: Forms    
╭───────────────────────────────Intrinsic Sizing───────────────────────────────╮
│ Intrinsic Sizing Demo • Adaptive Sidebar (1/4)                               │
│╭Menu──────────────╮╭Content─────────────────────────────────────────────────╮│
││?? Dashboard      ││Current width: 78                                       ││
││? Settings        ││Sidebar mode: Full sidebar mode (width >= 60)           ││
││?? Help           ││                                                        ││
││?? Notifications  ││The sidebar adapts to terminal width:                   ││
││?? Profile        ││• Narrow: icon-only (4 cols)                            ││
││                  ││• Wide: full labels (20 cols)                           ││
││                  ││                                                        ││
││                  ││Try resizing your terminal!                             ││
││                  ││                                                        ││
││                  ││                                                        ││
││                  ││                                                        ││
││                  ││                                                        ││
││                  ││                                                        ││
││                  ││                                                        ││
││                  ││                                                        ││
││                  ││                                                        ││
││                  ││                                                        ││
│╰──────────────────╯╰────────────────────────────────────────────────────────╯│
╰──────────────────────────────────────────────────────────────────────────────╯
 Intrinsic Sizing [23/42]  Cyberpunk Aurora Tab/Shift+Tab: next/prev  0x0 00:00 