 1: Tour │ 2: Dash │ 3: Shakes │ 4: Code │ 5: Widgets │ 6: Layout │ 7: Forms    
╭──────────────────────────────────Layout Lab──────────────────────────────────╮
│╭───────────────────────── Preset 1: Flex Vertical ──────────────────────────╮│
││┌─────────────────────────────────Fixed(5)─────────────────────────────────┐││
│││76x5 @(2,3)                                                               │││
│││                                                                          │││
│││                                                                          │││
││└──────────────────────────────────────────────────────────────────────────┘││
││┌─────────────────────────────────Pct(30%)─────────────────────────────────┐││
│││76x3 @(2,8)                                                               │││
││└──────────────────────────────────────────────────────────────────────────┘││
││└──────────────────────────────────Min(3)──────────────────────────────────┘││
│╰────────────────────────────────────────────────────────────────────────────╯│
│──────────────────────────────────────────────────────────────────────────────│
│╭───────── Controls ──────────╮╭─────────────── Widget Demos ────────────────╮│
││Preset: [1] Flex Vertical    ││┌Padding─────────────┐ ┌Align (l)───────────┐││
││Direction: Vertical (d)      │││                    │ │       Center       │││
││Alignment: Start (a)         ││└────────────────────┘ └────────────────────┘││
││Gap: 0 (+/-)                 ││┌Columns─────────────┐ ┌Group───────────────┐││
││Margin: 0 (m/M)              │││A      B      C     │ │Overlayayer         │││
││Padding: 1 (p/P)             ││└────────────────────┘ └────────────────────┘││
│╰─────────────────────────────╯╰─────────────────────────────────────────────╯│
╰──────────────────────────────────────────────────────────────────────────────╯
 Layout Lab [6/42] [h] [cmd] [p] [d]  Mouse:ONTab/Shift+Tab: next/prev0x0 00:00 