 1: Tour │ 2: Dash │ 3: Shakes │ 4: Code │ 5: Widgets │ 6: Layout │ 7: Forms    
╭─────────────────────────────────Kanban Board─────────────────────────────────╮
│┏━━━━━━━━━━Todo━━━━━━━━━━┓╭──────In Progress───────╮╭──────────Done──────────╮│
│┃> Design login page     ┃│  Build nav component   ││  Project scaffolding   ││
│┃  [UI]                  ┃│  [UI]                  ││  [Ops]                 ││
│┃                        ┃│                        ││                        ││
│┃  Add input validation  ┃│  Implement auth flow   ││                        ││
│┃  [Logic]               ┃│  [Logic]               ││                        ││
│┃                        ┃│                        ││                        ││
│┃  Write unit tests      ┃│                        ││                        ││
│┃  [QA]                  ┃│                        ││                        ││
│┃                        ┃│                        ││                        ││
│┃  Set up CI pipeline    ┃│                        ││                        ││
│┃  [Ops]                 ┃│                        ││                        ││
│┃                        ┃│                        ││                        ││
│┃                        ┃│                        ││                        ││
│┃                        ┃│                        ││                        ││
│┃                        ┃│                        ││                        ││
│┃                        ┃│                        ││                        ││
│┃                        ┃│                        ││                        ││
│┗━━━━━━━━━━━━━━━━━━━━━━━━┛╰────────────────────────╯╰────────────────────────╯│
│ h/l: column | j/k: card | H/L: move | u/r: undo/redo | mouse: drag | moves: 0│
╰──────────────────────────────────────────────────────────────────────────────╯
 Kanban Board [42/42] [h] [cmd] [p] [d]   Tab/Shift+Tab: next/prev    0x0 00:00 