 1: Tour │ 2: Dash │ 3: Shakes │ 4: Code │ 5: Widgets │ 6: Layout │ 7: Forms    
╭─────────────────────────────Hyperlink Playground─────────────────────────────╮
│Hyperlink Playground  OSC-8 + Hit Regions                                     │
│Up/Down move · Tab cycle · Enter activate · Mouse hover/click                 │
│                                                                              │
│╭Links (OSC-8)────────────────────╮╭Details & Registry───────────────────────╮│
││> FrankenTUI                     ││Selected: FrankenTUI                     ││
││  Docs                           ││URL: https://ftui.dev                    ││
││  GitHub                         ││Registry ID: 0                           ││
││  OSC 8 Spec                     ││Hit: id=8000 region=Link data=0          ││
││  ANSI Reference                 ││OSC 8 open: \x1b]8;;https://ftui.dev\x1b\││
││                                 ││OSC 8 close: \x1b]8;;\x1b\               ││
││                                 ││Notes: Project home + overview           ││
││                                 ││Hover: None                              ││
││                                 ││                                         ││
││                                 ││Registry map                             ││
││                                 ││[0] FrankenTUI                           ││
││                                 ││[0] Docs                                 ││
││                                 ││[0] GitHub                               ││
││                                 ││[0] OSC 8 Spec                           ││
││                                 ││[0] ANSI Reference                       ││
│╰─────────────────────────────────╯╰─────────────────────────────────────────╯│
╰──────────────────────────────────────────────────────────────────────────────╯
 Hyperlink Playground [41/42]        Tab/Shift+Tab: next/prev         0x0 00:00 