 1: Tour │ 2: Dash │ 3: Shakes │ 4: Code │ 5: Widgets │ 6: Layout │ 7: Forms    
╭───────────────────────────────Action Timeline────────────────────────────────╮
│╭──────────────────────────────Filters + Follow──────────────────────────────╮│
││Follow[F]: ON  Component[C]: all  Severity[S]: all  Type[T]: all  Clear[X]  ││
│╰────────────────────────────────────────────────────────────────────────────╯│
│╭───────────────Event Timeline───────────────╮╭─────────Event Detail─────────╮│
││   0 TRACE core    input   Key event process││ID: 12                        ││
││   1 DEBUG core    input   Key event process││Tick: 11                      ││
││   2 INFO  runtime input   Key event process││Severity: DEBUG               ││
││   3 WARN  runtime cmd     Command dispatche││Component: runtime            ││
││   4 ERROR render  cmd     Command dispatche││Type: render                  ││
││   5 TRACE render  cmd     Command dispatche││                              ││
││   6 DEBUG widgets sub     Subscription tick││Summary:                      ││
││   7 INFO  widgets sub     Subscription tick││  Frame diff computed         ││
││   8 WARN  core    sub     Subscription tick││                              ││
││   9 ERROR core    render  Frame diff comput││Fields:                       ││
││  10 TRACE runtime render  Frame diff comput││  latency_ms: 14              ││
││  11 DEBUG runtime render  Frame diff comput││  diff_cells: 23              ││
││                                            ││  ansi_bytes: 517             ││
││                                            ││                              ││
││                                            ││                              ││
│╰────────────────────────────────────────────╯╰──────────────────────────────╯│
╰──────────────────────────────────────────────────────────────────────────────╯
 Action Timeline [22/42] [h] [cmd] [p] [d]  Tab/Shift+Tab: next/prev  0x0 00:00 