 1: Tour │ 2: Dash │ 3: Shakes │ 4: Code │ 5: Widgets │ 6: Layout │ 7: Forms    
╭────────────────────────────Mermaid Mega Showcase─────────────────────────────╮
│┌────────────────────────────────────────────────────────────────────────────┐│
││ Tier:auto Glyph:unicode Render:braille Wrap:wordchar Layout:auto Dir:auto P││
││              ╔═════════ ⌨ Keyboard Shortcuts (Esc) ═════════╗              ││
││              ║ Navigation                                   ║              ││
││              ║ [Ctrl+K]                 Open command palett ║              ││
│└──────────────║──────────────────────────────────────────────║──────────────┘│
│┌ Flow Basic [d║fView] ───────────────────────────────────────║──────────────┐│
││              ║ [?]                      Toggle this help ov ║              ││
││              ║ [Esc]                    Dismiss top overlay ║              ││
││              ║ [m / F6]                 Toggle mouse captur ║              ││
││              ║ [Ctrl+P]                 Toggle performance  ║              ││
││              ║ [Ctrl+I]                 Toggle evidence ins ║              ││
││              ║ [Shift+A]                Toggle A11y panel   ║              ││
││              ║ [F12]                    Toggle debug overla ║              ││
││              ║                  ⣬⣭⣵⣾⣷⣴⣿⣶⣭⣭                  ║              ││
││              ║ Editing          ⣿⣿⣿⣿⣿⣿⣿⣿⣿⣿                  ║              ││
││              ║                                              ║              ││
│└──────────────╚═══════════Press ? or Esc to close════════════╝──────────────┘│
│NORMAL  j/k:sample u/U:nodes x/X:density t:tier p:palette H/J/K/L:pan []/{}:si│
│                                                                              │
╰──────────────────────────────────────────────────────────────────────────────╯
 Mermaid Mega Showcase [17/42]       Tab/Shift+Tab: next/prev       80x24 00:00 