 1: Tour │ 2: Dash │ 3: Shakes │ 4: Code │ 5: Widgets │ 6: Layout │ 7: Forms    
╭────────────────────────────Terminal Capabilities─────────────────────────────╮
│╭─────────────────────── Terminal Capability Explorer ───────────────────────╮│
││Profile: modern | View: Matrix                                              ││
││Color depth: truecolor | Mux: no | Sync output: yes                         ││
││Scroll region: yes | Hyperlinks: yes | Clipboard: yes | overrides: none     ││
│╰────────────────────────────────────────────────────────────────────────────╯│
│╭ Capability Matrix ────────────────────────╮╭ Details ──────────────────────╮│
││Capability          │Detected │Effective│Fa││Capability: True color (24-bit)││
││True color (24-bit) │yes      │yes      │en││Detected: yes                  ││
││256-color palette   │yes      │yes      │en││Effective: yes                 ││
││Synchronized output │yes      │yes      │en││Fallback: enabled              ││
││Scroll region (DECST│yes      │yes      │en││Reason: Detected via env heuris││
││OSC 8 hyperlinks    │yes      │yes      │en││                               ││
││Kitty keyboard proto│yes      │yes      │en│╰───────────────────────────────╯│
││Focus events        │yes      │yes      │en│╭ Fallback Policy ──────────────╮│
││Bracketed paste     │yes      │yes      │en││Sync output: yes (enabled)     ││
││SGR mouse           │yes      │yes      │en││Scroll region: yes (enabled)   ││
││OSC 52 clipboard    │yes      │yes      │en│╰───────────────────────────────╯│
││                                           │╭ Environment ──────────────────╮│
││                                           ││TERM=xterm-256color            ││
│╰───────────────────────────────────────────╯╰───────────────────────────────╯│
╰──────────────────────────────────────────────────────────────────────────────╯
 Terminal Capabilities [12/42]        Tab/Shift+Tab: next/prev        0x0 00:00 