 1: Dash │ 2: Shakes │ 3: Code │ 4: Widgets │ 5: Layout │ 6: Forms │ 7: DataViz 
╭────────────────────────────────Visual Effects────────────────────────────────╮
│ ⬤ Metaballs │ ←/→ Switch │ 0.0 FPS │ 0.0ms avg │ 0.0/0.0ms                   │
│                                                                              │
│                                                                              │
│                                                                              │
│                                                                              │
│                                                                              │
│                                                                              │
│                                                                              │
│                                                                              │
│                                                                              │
│                                                                              │
│                                                                              │
│                                                                              │
│                                                                              │
│                                                                              │
│                                                                              │
│                                                                              │
│                                                                              │
│                                                                              │
│                                                                              │
╰──────────────────────────────────────────────────────────────────────────────╯
 Visual Effects [13/18]  Cyberpunk Aurora        tick:0 frm:0         0x0 00:00 