 1: Tour │ 2: Dash │ 3: Shakes │ 4: Code │ 5: Widgets │ 6: Layout │ 7: Forms    
╭─────────────────────────────────VOI Overlay──────────────────────────────────╮
│ runt╭───────────────────────────VOI Overlay────────────────────────────╮     │
│     │VOI Overlay (tick 0) [demo:fallback]                              │     │
│     │----------------------------------------------------------------  │     │
│     │Decision: —                                                       │     │
│     │                                                                  │     │
│     │Posterior Core                                                    │     │
│     │----------------------------------------------------------------  │     │
│     │p ~ Beta(a,b)  a=1.00  b=9.00                                     │     │
│     │mu=0.1000  Var=0.008182                                           │     │
│     │VOI = Var[p] - E[Var|1]                                           │     │
│     │VOI = 0.008182 - 0.007438 = 0.000744                              │     │
│     │                                                                  │     │
│     │                                                                  │     │
│     │                                                                  │     │
│     │                                                                  │     │
│     │                                                                  │     │
│     │                                                                  │     │
│     │                                                                  │     │
│     │                                                                  │     │
│     ╰──────────────────────────────────────────────────────────────────╯     │
╰──────────────────────────────────────────────────────────────────────────────╯
 VOI Overlay [35/42] [h] [cmd] [p] [d]    Tab/Shift+Tab: next/prev    0x0 00:00 