 1: Tour │ 2: Dash │ 3: Shakes │ 4: Code │ 5: Widgets │ 6: Layout │ 7: Forms    
╭──────────────────────────────────Dashboard───────────────────────────────────╮
│FRANKENTUI DASHBOARD                                                          │
│╭──────Plasma──────╮╭───────Charts · Pulse────────╮╭───Code · Rust (1/28)────╮│
││⣿⣿⣿⣿⣿⣿⣿⣿⣿⣿⣿⣿⣿⣿╔═════════ ⌨ Keyboard Shortcuts (Esc) ═════════╗rs            ││
││⣿⣿⣿⣿⣿⣿⣿⣿⣿⣿⣿⣿⣿⣿║⣿Navigation▃▃▂▂▁▁▄▃▄▂▅▅▅▆▂▄▅▃▆ 46%││use std::{║ollections::Ha││
││⣿⣿⣿⣿⣿⣿⣿⣿⣿⣿⣿⣿⣿⣿║⣿[Ctrl+K]                 Open command palett ║              ││
││⣿⣿⣿⣿⣿⣿⣿⣿⣿⣿⣿⣿⣿⣿║⣿⣿⣿││NET ▁▁▁▁▁  ▁   ▇▁▁    ▁ █▁ 14││use ftui_c║re::event::Eve││
││⣿⣿⣿⣿⣿⣿⣿⣿⣿⣿⣿⣿⣿⣿║⣿ViewOUT ▁▁▁▃▁█  ▁▁ ▁  ▁▁▇    ▁149││Click → Co║e Explorer::Ce││
││⣿⣿⣿⣿⣿⣿⣿⣿⣿⣿⣿⣿⣿⣿║⣿[?]                      Toggle this help ov─║──────────────╯│
││⣿⣿⣿⣿⣿⣿⣿⣿⣿⣿⣿⣿⣿⣿║⣿[Esc]                    Dismiss top overlay─║nfo───────────╮│
││⣿⣿⣿⣿⣿⣿⣿⣿⣿⣿⣿⣿⣿⣿║⣿[m / F6]                 Toggle mouse capturM║NAL FPS:0     ││
││Click → Visual║E[Ctrl+P]                 Toggle performance e║formance      ││
│╰──────────────║─[Shift+A]                Toggle A11y panel───║──────────────╯│
│╭Text FX · 2-Up║([F12]                    Toggle debug overlaw║ · Streaming…╮ │
││Sample 1 of 3 ║ 2-Up ││SEV TIME  COMP  MESSAGE      ││▌      ║             │ │
││1 · None · S1 ║ Editing INFO  00:02   CPU spike dete││       ║             │ │
││2 · FadeIn · S║ [Ctrl+Z]                 Undo       ││       ║             │ │
││## GFM Stress ║ Ledge││                             ││       ║             │ │
││e: next set · ╚═══════════Press ? or Esc to close════════════╝Markdown     │ │
│╰─────────────────────╯╰─────────────────────────────╯╰─────────────────────╯ │
│g:charts c:code e:fx m:md | 1-9:screens | Tab:next | t:theme | ?:help | q:quit│
╰──────────────────────────────────────────────────────────────────────────────╯
 Dashboard [2/42] [H] [cmd] [p] [d]    Tab/Shift+Tab: next/prev     80x24 00:00 