 1: Tour │ 2: Dash │ 3: Shakes │ 4: Code │ 5: Widgets │ 6: Layout │ 7: Forms    
╭────────────────────────────────Widget Builder────────────────────────────────╮
│╭Widget Builder Sandbox──────────────────────────────────────────────────────╮│
││Preset: Starter Kit  |  Widgets: 4  |  [P] cycle  [S] save  [X] export      ││
││                                                                            ││
││╭Presets───────────────────╮╭Intro Paragraph───────────────────────────────╮││
│││>  Starter Kit            │╰──────────────────────────────────────────────╯││
│││Status Wall               │╭Checklist─────────────────────────────────────╮││
│││Minimal                   │╰──────────────────────────────────────────────╯││
││╰──────────────────────────╯╭Build Progress────────────────────────────────╮││
││╭Widget Tree───────────────╮╰──────────────────────────────────────────────╯││
│││>  01. Paragraph [on]     │╭Throughput────────────────────────────────────╮││
│││02. List [on]             ││▁▄ ▅▇▃█▅▄▇▁▅                                  │││
│││03. Progress [on]         ││                                              │││
││╰──────────────────────────╯╰──────────────────────────────────────────────╯││
││╭Props─────────────────────────────────────────────────────────────────────╮││
│││Selected: Paragraph (#1)                                                  │││
│││Enabled: on  (E)                                                          │││
│││Border: on  (B)                                                           │││
│││Title: on   (T)                                                           │││
││╰──────────────────────────────────────────────────────────────────────────╯││
│╰────────────────────────────────────────────────────────────────────────────╯│
╰──────────────────────────────────────────────────────────────────────────────╯
 Widget Builder [38/42] [h] [cmd] [p] [d]  Tab/Shift+Tab: next/prev   0x0 00:00 