 1: Tour │ 2: Dash │ 3: Shakes │ 4: Code │ 5: Widgets │ 6: Layout │ 7: Forms    
╭───────────────────────────────Determinism Lab────────────────────────────────╮
│╭──────────────────────────────Determinism Lab───────────────────────────────╮│
││Determinism Lab  Seed: 7  Frame: 0  Status: Live  Fault: off                ││
││                                                                            ││
││┌Equivalence─────────────────────────────────┐┌Scene Preview───────────────┐││
│││Strategy  Changes   Checksum             Sta││O...........................│││
│││Full            73   0x5611d94c497a15c0   OK││..ET....W...WV.F.JEDKT.....P│││
│││DirtyRows       73   0x5611d94c497a15c0   OK││............................│││
│││FullRedraw    1080   0x5611d94c497a15c0   OK││............................│││
│││                                            ││............................│││
│││Timeline: 7a15c0                            ││............................│││
│││                                            ││............................│││
│││Controls: 1/2/3 strategy  [/] seed  Space pa││............................│││
│││                                            ││M.....K..LW......JI.I..N....│││
│││                                            ││...R.X...V....A.CH....O..F..│││
│││                                            ││............................│││
│││                                            ││............................│││
│││                                            ││............................│││
│││                                            ││............................│││
││└────────────────────────────────────────────┘└────────────────────────────┘││
│╰────────────────────────────────────────────────────────────────────────────╯│
╰──────────────────────────────────────────────────────────────────────────────╯
 Determinism Lab [40/42] [h] [cmd] [p] [d]  Tab/Shift+Tab: next/prev  0x0 00:00 