 1: Tour │ 2: Dash │ 3: Shakes │ 4: Code │ 5: Widgets │ 6: Layout │ 7: Forms    
╭───────────────────────────────────Data Viz───────────────────────────────────╮
│╭───────Sparklines───────╮╭──Bar Chart (Vertical)──╮╭─────Spectrum Bars──────╮│
││Sine wave: -0.66        ││                ▁▁      ││          █ █ █         ││
││▄▇█▅▁ ▃▇█▆▂ ▂▆█▇▃ ▁▅█▇▄▁││      ▅▅  ▇▇    ██     ▄││        █ █ █ █         ││
││Cosine wave: -0.75      ││▆▆ ▄▄ ██  ██ ██ ██  ▃▃ █││      █ █ █ █ █         ││
││█▆▂ ▁▅█▇▃ ▁▄▇█▅▁ ▃▇█▆▂ ▂││██ ██ ██  ██ ██ ██  ██ █││█ █ █ █ █ █ █ █         ││
││Random noise: -0.92     ││██ ██ ██  ██ ██ ██  ██ █││█ █ █ █ █ █ █ █         ││
││█▇▁▃▁▅▃▄▄▆ █▂ ▃▃▆▃▅█▁█▄ ││   Q         Q         Q││3 6 1 2 5 1 2 4         ││
│╰────────────────────────╯╰────────────────────────╯╰────────────────────────╯│
│╭───────Line Chart───────╮╭────Canvas + Heatmap────╮╭─────Signal Matrix──────╮│
│││⢦⡴⡀ ⢰⢤⢦ ⢠⡔⣶⢄ ⢀■⣦sin(t) ││⡏⣭⠭⠭⠭⠭⠭⠭⠭⢭⣭⣉⣉⣭⡭⠭⠭⠭⠭⠭⠭⠭⣭⡇││Heatmap:                ││
│││⡸⣇⢣ ⡇⡎⣦⡇⣼⣁⢿⠘⣧⣸■⣿cos(t) ││⡇⠈⣉⡷⠶⠶⢞⣉⡉⠁    ⠈⢉⣉⡳⠶⠶⢾⣉⠁⡇││                        ││
│││⠁⢸⡼⣼⢸⠊⢣⢻⡏⡟⢨⡾⢇⠇■⣿noise⠸⡀││⡇⣏⠁    ⣀⣈⡩⠭⠖⠲⠭⢍⣁⣀    ⠈⣹⡇││                        ││
│││ ⠈⠱⠣⠇ ⠈⠾⠳⠑⠎⠘⠎⠞ ⠃⠣⠻⠎ ⠑⠷⠇││⡇⣈⡵⠶⠶⢏⣉⣀        ⣀⣉⡹⠶⠶⢮⣁⡇││                        ││
││└───────────────────────││⠧⠷⠶⠶⠶⠶⠶⠶⠿⠿⠿⠷⠾⠿⠿⠿⠶⠶⠶⠶⠶⠶⠾⠇││                        ││
│╰────────────────────────╯╰────────────────────────╯╰────────────────────────╯│
│╭──────Sine───────╮ ╭───────Cos───────╮ ╭──────Noise──────╮ ╭──────Mix───────╮│
││                 │ │                 │ │                 │ │                ││
││▄▇█▅▁ ▃▇█▆▂ ▂▆█▇▃│ │█▆▂ ▁▅█▇▃ ▁▄▇█▅▁ │ │█▇▁▃▁▅▃▄▄▆ █▂ ▃▃▆│ │▇█▅▂ ▂▆█▆▃ ▁▅█▇▄││
│╰─────────────────╯ ╰─────────────────╯ ╰─────────────────╯ ╰────────────────╯│
│Tick: 30 | Arrows: panels | d: bar dir | Space: pause | r: reset              │
╰──────────────────────────────────────────────────────────────────────────────╯
 Data Viz [8/42] [h] [cmd] [p] [d]  Mouse: ONTab/Shift+Tab: next/prev 0x0 00:00 