 1: Tour │ 2: Dash │ 3: Shakes │ 4: Code │ 5: Widgets │ 6: Layout │ 7: Forms    
╭───────────────────────────────Mouse Playground───────────────────────────────╮
│┏ ► Hit-Test Targets ━━━━━━━━━━━━━━━━━━━━━━━━━┓╭   Event Log ────────────────╮│
│┃ ┏━━━━━━━┓  ╭───────╮  ╭───────╮  ╭───────╮  ┃│No events yet. Move the mouse││
│┃ ┃T1 (0) ┃  │T2 (0) │  │T3 (0) │  │T4 (0) │  ┃│                             ││
│┃ ┃       ┃  │       │  │       │  │       │  ┃│                             ││
│┃ ┃       ┃  │       │  │       │  │       │  ┃│                             ││
│┃ ┃       ┃  │       │  │       │  │       │  ┃│                             ││
│┃ ┗━━━━━━━┛  ╰───────╯  ╰───────╯  ╰───────╯  ┃│                             ││
│┃ ╭───────╮  ╭───────╮  ╭───────╮  ╭───────╮  ┃│                             ││
│┃ │T5 (0) │  │T6 (0) │  │T7 (0) │  │T8 (0) │  ┃│                             ││
│┃ │       │  │       │  │       │  │       │  ┃│                             ││
│┃ │       │  │       │  │       │  │       │  ┃│                             ││
│┃ │       │  │       │  │       │  │       │  ┃│                             ││
│┃ ╰───────╯  ╰───────╯  ╰───────╯  ╰───────╯  ┃│                             ││
│┃ ╭───────╮  ╭───────╮  ╭───────╮  ╭───────╮  ┃╰─────────────────────────────╯│
│┃ │T9 (0) │  │T10 (0)│  │T11 (0)│  │T12 (0)│  ┃╭   Stats ────────────────────╮│
│┃ │       │  │       │  │       │  │       │  ┃│Hover: None  Pos: N/A        ││
│┃ │       │  │       │  │       │  │       │  ┃│Overlay: OFF  Jitter Stats: O││
│┃ │       │  │       │  │       │  │       │  ┃│                             ││
│┃ ╰───────╯  ╰───────╯  ╰───────╯  ╰───────╯  ┃│                             ││
│┗━━━━━━━━━━━━━━━━━━━━━━━━━━━━━━━━━━━━━━━━━━━━━┛╰─────────────────────────────╯│
╰──────────────────────────────────────────────────────────────────────────────╯
 Mouse Playground [26/42] [h] [cmd] [p] [d] Tab/Shift+Tab: next/prev  0x0 00:00 