 1: Tour │ 2: Dash │ 3: Shakes │ 4: Code │ 5: Widgets │ 6: Layout │ 7: Forms │ 8: DataViz │ 9: Files │ 0: Adv           
╭──────────────────────────────────────────────────────Dashboard───────────────────────────────────────────────────────╮
│FRANKENTUI DASHBOARD                                                                                                  │
│╭────────Plasma────────╮╭─────────Charts · Pulse──────────╮╭───────Code · Rust (1/28)────────╮╭─────────Info─────────╮│
││⣿⣿⣿⣿⣿⣿⣿⣿⣿⣿⣿⣿⣿⣿⣿⣿⣿⣿⣿⣿⣿⣿││g:cycle · sparklines + mini bars ││// runtime.rs                    ││FrankenTUI Kernel · LI││
││⣿⣿⣿⣿⣿⣿⣿⣿⣿⣿⣿⣿⣿⣿⣿⣿⣿⣿⣿⣿⣿⣿││CPU ▃ ▃▃▂▂▁▁▄▃▄▂▅▅▅▆▂▄▅▃▆▅▄▄▆ 46%││use std::{collections::HashMap, s││ INLINE   BRAILLE FX  ││
││⣿⣿⣿⣿⣿⣿⣿⣿⣿⣿⣿⣿⣿⣿⣿⣿⣿⣿⣿⣿⣿⣿╔═════════════════════ ⌨ Keyboard Shortcuts (Esc) ═════════════════════╗Status: NOMINAL │ Even││
││⣿⣿⣿⣿⣿⣿⣿⣿⣿⣿⣿⣿⣿⣿⣿⣿⣿⣿⣿⣿⣿⣿║│Navigation ▁   ▇▁▁    ▁ █▁▁▁▁█ 14││use ftui_core::event::Event;     │║FPS: 0  TicSize: 118x3││
││⣿⣿⣿⣿⣿⣿⣿⣿⣿⣿⣿⣿⣿⣿⣿⣿⣿⣿⣿⣿⣿⣿║│[Ctrl+K]                 Open command paletteender::cell::Cell;     │║Events/s: 1Theme: Cybe││
││⣿⣿⣿⣿⣿⣿⣿⣿⣿⣿⣿⣿⣿⣿⣿⣿⣿⣿⣿⣿⣿⣿║│EPS ██  77% DSK █  67% IO  ░   7%││use ftui_render::frame::Frame;   │║CPU:  46%  Alerts: 1  ││
││⣿⣿⣿⣿⣿⣿⣿⣿⣿⣿⣿⣿⣿⣿⣿⣿⣿⣿⣿⣿⣿⣿║│View                             ││use ftui_runtime::{Cmd, Model, Pr│║NET:   14↓ Pipeline: B││
││⣿⣿⣿⣿⣿⣿⣿⣿⣿⣿⣿⣿⣿⣿⣿⣿⣿⣿⣿⣿⣿⣿║│[?]                      Toggle this help overlay                   │║Frame:  0.0Headroom: +││
││⣿⣿⣿⣿⣿⣿⣿⣿⣿⣿⣿⣿⣿⣿⣿⣿⣿⣿⣿⣿⣿⣿║│[Esc]                    Dismiss top overlayDebug, Clone)]          │║                      ││
││⣿⣿⣿⣿⣿⣿⣿⣿⣿⣿⣿⣿⣿⣿⣿⣿⣿⣿⣿⣿⣿⣿║│[m / F6]                 Toggle mouse capture                       │║                      ││
││⣿⣿⣿⣿⣿⣿⣿⣿⣿⣿⣿⣿⣿⣿⣿⣿⣿⣿⣿⣿⣿⣿║│[Ctrl+P]                 Toggle performance HUD),                   │║                      ││
││⣿⣿⣿⣿⣿⣿⣿⣿⣿⣿⣿⣿⣿⣿⣿⣿⣿⣿⣿⣿⣿⣿║│[Shift+A]                Toggle A11y panelize { w: u16, h: u16 },   │║                      ││
││⣿⣿⣿⣿⣿⣿⣿⣿⣿⣿⣿⣿⣿⣿⣿⣿⣿⣿⣿⣿⣿⣿║│[F12]                    Toggle debug overlayring),                 │║CPU ██████░░░░░░░  46%││
││⣿⣿⣿⣿⣿⣿⣿⣿⣿⣿⣿⣿⣿⣿⣿⣿⣿⣿⣿⣿⣿⣿║│                                 ││    Quit,                        │║MEM █████░░░░░░░░  41%││
││⣿⣿⣿⣿⣿⣿⣿⣿⣿⣿⣿⣿⣿⣿⣿⣿⣿⣿⣿⣿⣿⣿║│Editing                          ││}                                │║NET █░░░░░░░░░░░░   8%││
││⣿⣿⣿⣿⣿⣿⣿⣿⣿⣿⣿⣿⣿⣿⣿⣿⣿⣿⣿⣿⣿⣿║│[Ctrl+Z]                 Undo    ││                                 │║FRM                n/a││
││Click → Visual Effects║│[Ctrl+Y / Ctrl+Shift+Z]  Redo    ││Click → Code ExplorerSync + 'stat│║Click → Performance163││
│╰──────────────────────║╰─────────────────────────────────╯╰─────────────────────────────────╯║──────────────────────╯│
│╭───Text FX · 3-Up (1/2║)Global──────────────────Activity───────────────────╮╭───────Markdown ║ Streaming… 0%────────╮│
││Sample 1 of 3 · 3-Up s║a[Ctrl+T]                 Cycle color theme         ││▌               ║                      ││
││1 · None · S1         ║ [H/M/L]                  A11y: high contrast, reduced motion, large  ║                      ││
││# FX Lab · Determinist║c[Ctrl+1..6]              Palette: filter by category│                ║                      ││
││> *"Render truth, not ║i[Ctrl+0]                 Palette: clear category filter              ║                      ││
││2 · FadeIn · S2       ║ [Ctrl+F]                 Palette: toggle favorite  ││                ║                      ││
││## GFM Stress · Ledger║ [Ctrl+Shift+F]           Palette: favorites only   ││                ║                      ││
││1. **Bold** + _italic_║+[Ctrl+C]                 Quit application          ││                ║                      ││
││3 · FadeOut · S3      ║     ││                                             ││                ║                      ││
││### Runtime Ledger · M║xCategories: Tour Core Visuals Interact Text Systems││                ║                      ││
││- [x] Tasks           ║     ││                                             ││                ║                      ││
││- [ ] Benchmarks      ╚═══════════════════════Press ? or Esc to close════════════════════════╝                      ││
││- [x] Evidence log          ││                                             ││                                       ││
││e: next set · click → Visual││Click → Action Timeline                      ││Click → Markdown                       ││
│╰────────────────────────────╯╰─────────────────────────────────────────────╯╰───────────────────────────────────────╯│
│g:charts c:code e:fx m:md | 1-9:screens | Tab:next | t:theme | ?:help | q:quit                                        │
╰──────────────────────────────────────────────────────────────────────────────────────────────────────────────────────╯
 Dashboard [2/42]  Cyberpunk Aurora [H] [cmd] [p] [d]  Mouse: ON         Tab/Shift+Tab: next/prev          120x40 00:00 