 1: Tour │ 2: Dash │ 3: Shakes │ 4: Code │ 5: Widgets │ 6: Layout │ 7: Forms    
╭──────────────────────────────Responsive Layout───────────────────────────────╮
│ Breakpoint: SM (60-89) │ Width: 80 │ Thresholds: sm≥60 md≥90 lg≥120 xl≥160   │
│╭Layout Info─────────────────────────────────────────────────────────────────╮│
││Columns: 1 │ Breakpoint: SM (60-89) │ 80×24                                 ││
││                                                                            ││
││                                                                            ││
│╰────────────────────────────────────────────────────────────────────────────╯│
│╭Visibility──────────────────────────────────────────────────────────────────╮│
││Sidebar: hidden (md+)                                                       ││
││Aside:   hidden (lg+)                                                       ││
││                                                                            ││
││                                                                            ││
│╰────────────────────────────────────────────────────────────────────────────╯│
│╭Responsive Values───────────────────────────────────────────────────────────╮│
││Padding: 2 │ Style: normal                                                  ││
││                                                                            ││
││                                                                            ││
││                                                                            ││
││                                                                            ││
││                                                                            ││
│╰────────────────────────────────────────────────────────────────────────────╯│
╰──────────────────────────────────────────────────────────────────────────────╯
 Responsive Layout [19/42] [h] [cmd] [p] [d] Tab/Shift+Tab: next/prev 0x0 00:00 