 1: Dash │ 2: Shakes │ 3: Code │ 4: Widgets │ 5: Layout │ 6: Forms │ 7: DataViz 
╭──────────────────────────────Responsive Layout───────────────────────────────╮
│ Breakpoint: SM (60-89) │ Width: 80 │ Thresholds: sm≥60 md≥90 lg≥120 xl≥160   │
│╭Layout Info─────────────────────────────────────────────────────────────────╮│
││Columns: 1 │ Breakpoint: SM (60-89) │ 80×24                                 ││
││                                                                            ││
││                                                                            ││
│╰────────────────────────────────────────────────────────────────────────────╯│
│╭Visibility──────────────────────────────────────────────────────────────────╮│
││Sidebar: hidden (md+)                                                       ││
││Aside:   hidden (lg+)                                                       ││
││                                                                            ││
││                                                                            ││
│╰────────────────────────────────────────────────────────────────────────────╯│
│╭Responsive Values───────────────────────────────────────────────────────────╮│
││Padding: 2 │ Style: normal                                                  ││
││                                                                            ││
││                                                                            ││
││                                                                            ││
││                                                                            ││
││                                                                            ││
│╰────────────────────────────────────────────────────────────────────────────╯│
╰──────────────────────────────────────────────────────────────────────────────╯
 Responsive Layout [14/18]  Cyberpunk Aurora       tick:0 frm:0       0x0 00:00 