 1: Dash │ 2: Shakes │ 3: Code │ 4: Widgets │ 5: Layout │ 6: Forms │ 7: DataViz 
╭─────────────────────────────────Performance──────────────────────────────────╮
│╭─────Virtualized List (10000 items)──────╮╭────────Performance Stats────────╮│
││[    0]  INFO server::http       Event #0││Total items:  10000              ││
││[    1] DEBUG db::pool           Event #0││Selected:     1 / 10000          ││
││[    2]  WARN auth::jwt          Event #0││Scroll:       0                  ││
││[    3] ERROR cache::redis       Event #0││Viewport:     20 rows            ││
││[    4] TRACE queue::worker      Event #0││Visible:      0..20              ││
││[    5]  INFO api::handler       Event #0││Progress:     0.0%               ││
││[    6] DEBUG core::runtime      Event #0││Tick:         0                  ││
││[    7]  WARN server::http       Event #0││                                 ││
││[    8] ERROR db::pool           Event #0││Only visible rows are rendered.  ││
││[    9] TRACE auth::jwt          Event #0││Rendering 20 of 10000 items.     ││
││[   10]  INFO cache::redis       Event #0││░░░░░░░░░░░░░░░░░░░░░░░░░░░░░░░  ││
││[   11] DEBUG queue::worker      Event #0││                                 ││
││[   12]  WARN api::handler       Event #0││                                 ││
││[   13] ERROR core::runtime      Event #0││                                 ││
││[   14] TRACE server::http       Event #0││                                 ││
││[   15]  INFO db::pool           Event #0││                                 ││
││[   16] DEBUG auth::jwt          Event #0││                                 ││
│╰─────────────────────────────────────────╯╰─────────────────────────────────╯│
│Item 1/10000 | j/k: scroll | Ctrl+D/U: page | g/G: jump                       │
╰──────────────────────────────────────────────────────────────────────────────╯
 Performance [10/18]  Cyberpunk Aurora          tick:0 frm:0          0x0 00:00 