 1: Dash │ 2: Shakes │ 3: Code │ 4: Widgets │ 5: Layout │ 6: Forms │ 7: DataViz 
╭────────────────────────────────Code Explorer─────────────────────────────────╮
│╔════════════════════════sqlite3.c════════════════════════╗╭────File Info────╮│
│║     1 /************************************************█║│{                ││
│║     2 ** This file is an amalgamation of many separate │║│  "filename": "sq││
│║     3 ** version 3.48.0.  By combining all the individu│║│  "lines": 261044││
│║     4 ** single large file, the entire code can be comp│║│  "size": "9.2 MB││
│║     5 ** unit.  This allows many compilers to do optimi│║│  "size_bytes": 9││
│║     6 ** possible if the files were compiled separately│║│  "language": "C"││
│║     7 ** of 5% or more are commonly seen when SQLite is│║╰─────────────────╯│
│║     8 ** translation unit.                             │║╭─────Context─────╮│
│║     9 **                                               │║│Line 1           ││
│║    10 ** This file is all you need to compile SQLite.  │║│                 ││
│║    11 ** programs, you need this file and the "sqlite3.│║│Nearest function:││
│║    12 ** the programming interface to the SQLite librar│║│Top of file      ││
│║    13 ** the "sqlite3.h" header file at hand, you will │║│                 ││
│║    14 ** the text of this file.  Search for "Begin file│║│                 ││
│║    15 ** of the embedded sqlite3.h header file.) Additi│║│                 ││
│║    16 ** if you want a wrapper to interface SQLite with│║│                 ││
│║    17 ** language. The code for the "sqlite3" command-l│║│                 ││
│╚═════════════════════════════════════════════════════════╝╰─────────────────╯│
│ Line 1/261044 (0%) | 9.2 MB | C                                              │
╰──────────────────────────────────────────────────────────────────────────────╯
 Code Explorer [3/18]  Cyberpunk Aurora         tick:0 frm:0          0x0 00:00 