 1: Tour │ 2: Dash │ 3: Shakes │ 4: Code │ 5: Widgets │ 6: Layout │ 7: Forms    
╭─────────────────────────────────File Browser─────────────────────────────────╮
│╭─────Project Tree──────╮ ╭──────Files (23 items)──────╮ ╭─Preview: ?? .git──╮│
││?? my-app              │ │?? / ?? home → ?? user → ?? │ │Directory  •  Size:││
││├── ?? src             │ │   N Perms             Size │ │Path: /home/user/pr││
│││   ├── ?? main.rs     │ │?? . drwxr-xr-x          -- │ │Preview:           ││
│││   ├── ?? lib.rs      │ │?? a drwxr-xr-x          -- │ │Directory contents:││
│││   └── ?? models      │ │?? d drwxr-xr-x          -- │ │  ?? .git          ││
│││       ├── ?? user.rs │ │?? s drwxr-xr-x          -- │ │  ?? assets        ││
│││       └── ?? post.rs │ │?? t drwxr-xr-x          -- │ │  ?? docs          ││
││├── ?? tests           │ │?? t drwxr-xr-x          -- │ │  ?? src           ││
│││   ├── ?? test_app.py │ │?? b lrwxr-xr-x        48 B │ │  ?? target        ││
│││   └── ?? integration.│ │?? a -rwxr-xr-x      1.5 KB │ │  ?? tests         ││
││├── ?? docs            │ │?? C -rw-r--r--       512 B │ │  ?? build.sh      ││
│││   ├── ?? README.md   │ │?? c -rw-r--r--       256 B │ │  ?? app.py        ││
│││   └── ?? API.md      │ │?? c -rw-r--r--    512.0 KB │ │                   ││
││├── ?? Cargo.toml      │ │?? d -rw-r--r--     10.2 KB │ │                   ││
││├── ?? package.json    │ │?? d -rw-r--r--     12.6 MB │ │                   ││
││└── ?? .gitignore      │ │?? l -rw-r--r--      4.1 KB │ │                   ││
││                       │ │?? l -rw-r--r--    424.1 KB │ │                   ││
│╰───────────────────────╯ ╰────────────────────────────╯ ╰───────────────────╯│
│?? .git  | h/l: panels | j/k: navigate | g/G: first/last | Enter: open | Backs│
╰──────────────────────────────────────────────────────────────────────────────╯
 File Browser [9/42] [h] [cmd] [p] [d]    Tab/Shift+Tab: next/prev    0x0 00:00 