 1: Dash │ 2: Shakes │ 3: Code │ 4: Widgets │ 5: Layout │ 6: Forms │ 7: DataViz 
╭─────────────────────────────────Shakespeare──────────────────────────────────╮
│┏━━━━━━━━Complete Works of William Shakespeare━━━━━━━━━┓╭──────Contents──────╮│
│┃     1 The Project Gutenberg eBook of The Complete Wo█┃│Complete Works      ││
│┃     2                                               │┃│├── THE SONNETS     ││
│┃     3 This ebook is for the use of anyone anywhere i│┃│├── THE SONNETS     ││
│┃     4 most other parts of the world at no cost and w│┃│├── ALL’S WELL THAT ││
│┃     5 whatsoever. You may copy it, give it away or r│┃│├── KING OF FRANCE. ││
│┃     6 of the Project Gutenberg License included with│┃│├── COUNTESS.       ││
│┃     7 at www.gutenberg.org. If you are not located i│┃│├── COUNTESS.       ││
│┃     8 you will have to check the laws of the country│┃│├── COUNTESS.       ││
│┃     9 before using this eBook.                      │┃│├── COUNTESS.       ││
│┃    10                                               │┃│├── COUNTESS.       ││
│┃    11 Title: The Complete Works of William Shakespea│┃│├── COUNTESS.       ││
│┃    12                                               │┃│├── COUNTESS.       ││
│┃    13 Author: William Shakespeare                   │┃│├── COUNTESS.       ││
│┃    14                                               │┃│├── COUNTESS.       ││
│┃    15 Release date: January 1, 1994 [eBook #100]    │┃│├── PAROLLES.       ││
│┃    16                 Most recently updated: August │┃│├── PAROLLES.       ││
│┃    17                                               │┃│├── PAROLLES.       ││
│┗━━━━━━━━━━━━━━━━━━━━━━━━━━━━━━━━━━━━━━━━━━━━━━━━━━━━━━┛╰────────────────────╯│
│ Line 1/196395 (0%) | Preamble                                                │
╰──────────────────────────────────────────────────────────────────────────────╯
 Shakespeare [2/18]  Cyberpunk Aurora          tick:0 frm:0           0x0 00:00 