 1: Tour │ 2: Dash │ 3: Shakes │ 4: Code │ 5: Widgets │ 6: Layout │ 7: Forms    
╭───────────────────────────────Mermaid Showcase───────────────────────────────╮
│Mermaid Showcase | Flow Basic (1/22) | Layout: Auto | Score: 0.8 | Viewport: a│
│╭──────────────────────────────────Samples───────────────────────────────────╮│
││> Flow Basic [flow, S, branch, decision]                                    ││
││  Flow Subgraphs [flow, M, subgraph, clusters]                              ││
││  Flow Dense [flow, L, dense, dag]                                          ││
││  Flow Long Labels [flow, M, labels, wrap]                                  ││
│╰────────────────────────────────────────────────────────────────────────────╯│
│╭──────────────────────────────────Viewport──────────────────────────────────╮│
││                                                                            ││
││                                                      ⣿⣿⣿⣿⣿⣿⣿⣿⣿⣿⣿⣿⣿⣿⣿⣿⣿⣿    ││
││                                                 OK   ⣿⣿⣿⣿⣿⣿⣿⣿⣿⣿⣿⣿⣿⣿⣿⣿⣿⣿    ││
││    ⣀⣀⣀⣀⣀⣀⣀⣀⣀⣀⣀⣀⣀⣀⣀⣀⣀⣀               ⢀⣀           ⡠⠔⠁⠃⠿⠿⠿⠿⠿⠿⠿⠿⠿⠿⠿⠿⠿⠿⠿⠿⠿⠿    ││
││    ⣿⣿⣿⣿⣿⣿⣿⣿⣿⣿⣿⣿⣿⣿⣿⣿⣿⣿     ⣄⡀ ⣀⣀⣤⣴⣶⣾⣿⣿⣿⣿⣿⣶⣦⣤⣀⣀ ⢀⠤⠊                          ││
││    ⣿⣿⣿⣿⣿⣿⣿⣿⣿⣿⣿⣿⣿⣿⣿⣿⣿⣿⠉⠉⠉⠉⠉⠟⠋⠉⠙⠛⠻⠿⠿⣿⣿⣿⣿⣿⣿⡿⠿⠟⠛⠋⠉⠑⠤⡀                          ││
││    ⠉⠉⠉⠉⠉⠉⠉⠉⠉⠉⠉⠉⠉⠉⠉⠉⠉⠉               ⠉⠉⠁         ⠈⠢⢄ ⡀⣶⣶⣶⣶⣶⣶⣶⣶⣶⣶⣶⣶⣶⣶⣶⣶⣶⣶    ││
││                                                 Fix  ⣿⣿⣿⣿⣿⣿⣿⣿⣿⣿⣿⣿⣿⣿⣿⣿⣿⣿    ││
││                                                      ⣿⣿⣿⣿⣿⣿⣿⣿⣿⣿⣿⣿⣿⣿⣿⣿⣿⣿    ││
││                                                                            ││
│╰────────────────────────────────────────────────────────────────────────────╯│
│j/k sample  Enter render  ? help                                              │
╰──────────────────────────────────────────────────────────────────────────────╯
 Mermaid Showcase [16/42] [h] [cmd] [p] [d] Tab/Shift+Tab: next/prev  0x0 00:00 