 1: Tour │ 2: Dash │ 3: Shakes │ 4: Code │ 5: Widgets │ 6: Layout │ 7: Forms    
╭────────────────────────────────Forms & Input─────────────────────────────────╮
│╭──────────Registration Form──────────╮╭─────────────Text Inputs─────────────╮│
││ DRAFT   REQ 0/3   ERR 0             ││ Search   Search...                  ││
││Name *:         Enter your name...   ││ Password Password                   ││
││Email *:        user@example.com     ││                                     ││
││Role:             Developer          │╰─────────────────────────────────────╯│
││Theme:          (1) Light            │╭─────────────Text Editor─────────────╮│
││Age:              25                 ││1  Hello, world!                     ││
││Accept Terms *: [ ]                  ││2                                    ││
││                                     ││3  This is a multi-line text editor. ││
││                                     ││4  You can type, select, undo/redo, a││
││                                     ││5                                    ││
││                                     ││6  Try Shift+Arrow to select text.   ││
││                                     ││7  Ctrl+A selects all.               ││
││                                     ││8  Ctrl+Z to undo, Ctrl+Y to redo.   ││
││                                     ││                                     ││
││                                     ││                                     ││
││Tab: next | Enter: submit | Esc: canc││                                     ││
││Legend: * required | red=error | gree││                                     ││
│╰─────────────────────────────────────╯╰─────────────────────────────────────╯│
│Editing: Name (field 1/6) | Required: 0/3 | Undo:0 Redo:0 | Errors: 0 | Ctrl+U│
╰──────────────────────────────────────────────────────────────────────────────╯
 Forms & Input [7/42] [h] [cmd] [p] [d]   Tab/Shift+Tab: next/prev    0x0 00:00 