 1: Dash │ 2: Shakes │ 3: Code │ 4: Widgets │ 5: Layout │ 6: Forms │ 7: DataViz 
╭───────────────────────────────Intrinsic Sizing───────────────────────────────╮
│ Intrinsic Sizing Demo • Adaptive Sidebar (1/4)                               │
│╭Menu──────────────╮╭Content─────────────────────────────────────────────────╮│
││? Dashboard      ││Current width: 78                                       ││
││? Settings       ││Sidebar mode: Full sidebar mode (width >= 60)           ││
││? Help           ││                                                        ││
││? Notifications  ││The sidebar adapts to terminal width:                   ││
││? Profile        ││• Narrow: icon-only (4 cols)                            ││
││                  ││• Wide: full labels (20 cols)                           ││
││                  ││                                                        ││
││                  ││Try resizing your terminal!                             ││
││                  ││                                                        ││
││                  ││                                                        ││
││                  ││                                                        ││
││                  ││                                                        ││
││                  ││                                                        ││
││                  ││                                                        ││
││                  ││                                                        ││
││                  ││                                                        ││
││                  ││                                                        ││
│╰──────────────────╯╰────────────────────────────────────────────────────────╯│
╰──────────────────────────────────────────────────────────────────────────────╯
 Intrinsic Sizing [18/18]  Cyberpunk Aurora       tick:0 frm:0        0x0 00:00 