 1: Dash │ 2: Shakes │ 3: Code │ 4: Widgets │ 5: Layout │ 6: Forms │ 7: DataViz 
╭──────────────────────────────────Dashboard───────────────────────────────────╮
│FRANKENTUI DASHBOARD                                                          │
│╭──────Plasma──────╮╭───────────Charts────────────╮╭──────────Code───────────╮│
││⣿⣿⣿⣿⣿⣿⣿⣿⣿⣿⣿⣿⣿⣿⣿⣿⣿⣿││CPU ▃ ▃▃▂▂▁▁▄▃▄▂▅▅▅▆▂▄▅▃▆▅▄▄▆││// FrankenTUI            ││
││⣿⣿⣿⣿⣿⣿⣿⣿⣿⣿⣿⣿⣿⣿⣿⣿⣿⣿││MEM ▅▂ ▃▁▄▄▂▂▇▅▃▅▂▃▄▆▄▇█▂▆▅▄▂││use ftui::*;             ││
││⣿⣿⣿⣿⣿⣿⣿⣿⣿⣿⣿⣿⣿⣿⣿⣿⣿⣿││NET ▁▁▁▁▁  ▁   ▇▁▁    ▁ █▁▁▁▁││                         ││
││⣿⣿⣿⣿⣿⣿⣿⣿⣿⣿⣿⣿⣿⣿⣿⣿⣿⣿││                             ││fn main() {              ││
││⣿⣿⣿⣿⣿⣿⣿⣿⣿⣿⣿⣿⣿⣿⣿⣿⣿⣿││                             ││  App::run()             ││
││⣿⣿⣿⣿⣿⣿⣿⣿⣿⣿⣿⣿⣿⣿⣿⣿⣿⣿││                             │╰─────────────────────────╯│
││⣿⣿⣿⣿⣿⣿⣿⣿⣿⣿⣿⣿⣿⣿⣿⣿⣿⣿││                             │╭──────────Info───────────╮│
││⣿⣿⣿⣿⣿⣿⣿⣿⣿⣿⣿⣿⣿⣿⣿⣿⣿⣿││                             ││FPS: 0                   ││
││⣿⣿⣿⣿⣿⣿⣿⣿⣿⣿⣿⣿⣿⣿⣿⣿⣿⣿││                             ││78x20                    ││
│╰──────────────────╯╰─────────────────────────────╯╰─────────────────────────╯│
│╭─────────Statistics──────────╮╭──────────────────Activity───────────────────╮│
││18S 45W 7E                   ││- 00:02 CPU spike detected on core 3         ││
││                             ││                                             ││
││                             ││                                             ││
││                             ││                                             ││
││                             ││                                             ││
│╰─────────────────────────────╯╰─────────────────────────────────────────────╯│
│1-9:screens | Tab:next | t:theme | ?:help | q:quit                            │
╰──────────────────────────────────────────────────────────────────────────────╯
 Dashboard [1/18]  Cyberpunk Aurora           tick:0 frm:0            0x0 00:00 