 1: Dash │ 2: Shakes │ 3: Code │ 4: Widgets │ 5: Layout │ 6: Forms │ 7: DataViz 
╭─────────────────────────────────File Browser─────────────────────────────────╮
│╭─────Project Tree──────╮╭──────Files (15 items)───────╮╭────Preview: src────╮│
││my-app                 ││/home/user/projects/my-app   ││(no preview availabl││
││├── src                ││/src                         ││                    ││
│││   ├── main.rs        ││/tests                       ││                    ││
│││   ├── lib.rs         ││/docs                        ││                    ││
│││   └── models         ││/.git                        ││                    ││
│││       ├── user.rs    ││/target                      ││                    ││
│││       └── post.rs    ││ main.rs                     ││                    ││
││├── tests              ││ lib.rs                      ││                    ││
│││   ├── test_app.py    ││ app.py                      ││                    ││
│││   └── integration.rs ││ test_app.py                 ││                    ││
││├── docs               ││ Cargo.toml                  ││                    ││
│││   ├── README.md      ││ config.toml                 ││                    ││
│││   └── API.md         ││ package.json                ││                    ││
││├── Cargo.toml         ││ data.json                   ││                    ││
││├── package.json       ││ README.md                   ││                    ││
││└── .gitignore         ││                             ││                    ││
││                       ││                             ││                    ││
│╰───────────────────────╯╰─────────────────────────────╯╰────────────────────╯│
│src  | h/l: panels | j/k: navigate | g/G: first/last | .: hidden              │
╰──────────────────────────────────────────────────────────────────────────────╯
 File Browser [8/18]  Cyberpunk Aurora          tick:0 frm:0          0x0 00:00 