 1: Tour │ 2: Dash │ 3: Shakes │ 4: Code │ 5: Widgets │ 6: Layout │ 7: Forms │ 8: DataViz │ 9: Files │ 0: Adv           
╭─────────────────────────────────────────────────────Shakespeare──────────────────────────────────────────────────────╮
│┏━━━━━━━━━━━━━━━━━━━Complete Works of William Shakespeare━━━━━━━━━━━━━━━━━━━━┓╭───────────Match Navigator────────────╮│
│┃      1 The Project Gutenberg eBook of The Complete Works of William Shakes█┃│No matches yet                        ││
│┃      2                                                                    │┃│                                      ││
│┃      3 This ebook is for the use of anyone anywhere in the United States a│┃│                                      ││
│┃      4 most other parts of the world at no cost and with almost no restric│┃│                                      ││
│┃      5 whatsoever. You may copy it, give it away or re-use it under the te│┃│                                      ││
│┃      6 of the Project Gutenberg License included with this ebook or online│┃│                                      ││
│┃      7 at www.gutenberg.org. If you are not located in the United States, │┃│                                      ││
│┃      8 you will have to check the laws of the country where you are locate│┃│                                      ││
│┃      9 before using this eBook.                                           │┃│                                      ││
│┃     10                                                                    │┃│                                      ││
│┃     11 Title: The Complete Works of William Shakespeare                   │┃│                                      ││
│┃     12                                                                    │┃│Type / to search instantly            ││
│┃     13 Author: William Shakespeare                                        │┃╰──────────────────────────────────────╯│
│┃     14                                                                    │┃╭──────────────Navigator───────────────╮│
│┃     15 Release date: January 1, 1994 [eBook #100]                         │┃│▶ THE SONNETS                         ││
│┃     16                 Most recently updated: August 24, 2025             │┃│  THE SONNETS                         ││
│┃     17                                                                    │┃│  ALL’S WELL THAT ENDS WELL           ││
│┃     18 Language: English                                                  │┃│  KING OF FRANCE.                     ││
│┃     19                                                                    │┃│  COUNTESS.                           ││
│┃     20                                                                    │┃│  COUNTESS.                           ││
│┃     21                                                                    │┃│  COUNTESS.                           ││
│┃     22 *** START OF THE PROJECT GUTENBERG EBOOK THE COMPLETE WORKS OF WILL│┃│  COUNTESS.                           ││
│┃     23                                                                    │┃│  COUNTESS.                           ││
│┃     24                                                                    │┃│  COUNTESS.                           ││
│┃     25                                                                    │┃╰──────────────────────────────────────╯│
│┃     26                                                                    │┃╭───────────Search Insights────────────╮│
│┃     27 The Complete Works of William Shakespeare                          │┃│Section: Preamble                     ││
│┃     28                                                                    │┃│Matches: 0 · View: 33 lines           ││
│┃     29 by William Shakespeare                                             │┃│                                      ││
│┃     30                                                                    │┃│                                      ││
│┃     31                                                                    │┃│                                      ││
│┃     32                                                                    │┃│                                      ││
│┃     33                                                                    │┃│██████████████████████████████████████││
│┗━━━━━━━━━━━━━━━━━━━━━━━━━━━━━━━━━━━━━━━━━━━━━━━━━━━━━━━━━━━━━━━━━━━━━━━━━━━━┛╰──────────────────────────────────────╯│
│ Mode: Library · Line 1/196395 (0%) · Matches: 0 | Preamble                                                           │
╰──────────────────────────────────────────────────────────────────────────────────────────────────────────────────────╯
 Shakespeare [3/42]  Cyberpunk Aurora [h] [cmd] [p] [d]  Mouse: ON          Tab/Shift+Tab: next/prev          0x0 00:00 