 1: Tour │ 2: Dash │ 3: Shakes │ 4: Code │ 5: Widgets │ 6: Layout │ 7: Forms    
╭────────────────────────────────Accessibility─────────────────────────────────╮
│╭─────────────────────── Accessibility Control Panel ────────────────────────╮│
││Active Theme: Cyberpunk Aurora                                              ││
││Base Theme: Cyberpunk Aurora  Mode: Standard                                ││
││Motion: Full (1.0x)  Large Text: OFF                                        ││
││Shortcuts: h = contrast, m = motion, l = large text                         ││
││                                                                            ││
│╰────────────────────────────────────────────────────────────────────────────╯│
│╭───────────────────────────────── Toggles ──────────────────────────────────╮│
││ [h] High Contrast: OFF                                                     ││
││ [m] Reduced Motion: OFF                                                    ││
││ [l] Large Text: OFF                                                        ││
││Shift+A opens the compact overlay                                           ││
││                                                                            ││
│╰────────────────────────────────────────────────────────────────────────────╯│
│╭────────────────────────────── WCAG Contrast ───────────────────────────────╮│
││Primary on Base    13.6:1 AAA                                               ││
││Secondary on Base  11.0:1 AAA                                               ││
││Accent Primary      6.4:1 AA                                                ││
││Accent Warning     13.1:1 AAA                                               ││
│╰────────────────────────────────────────────────────────────────────────────╯│
╰──────────────────────────────────────────────────────────────────────────────╯
 Accessibility [37/42] [h] [cmd] [p] [d]   Tab/Shift+Tab: next/prev   0x0 00:00 