 1: Dash │ 2: Shakes │ 3: Code │ 4: Widgets │ 5: Layout │ 6: Forms │ 7: DataViz 
╭──────────────────────────────────Layout Lab──────────────────────────────────╮
│╭───────────────────────── Preset 1: Flex Vertical ──────────────────────────╮│
││┌─────────────────────────────────Fixed(5)─────────────────────────────────┐││
│││76x5 @(2,3)                                                               │││
│││                                                                          │││
│││                                                                          │││
││└──────────────────────────────────────────────────────────────────────────┘││
││┌─────────────────────────────────Pct(30%)─────────────────────────────────┐││
│││76x3 @(2,8)                                                               │││
││└──────────────────────────────────────────────────────────────────────────┘││
││└──────────────────────────────────Min(3)──────────────────────────────────┘││
│╰────────────────────────────────────────────────────────────────────────────╯│
│──────────────────────────────────────────────────────────────────────────────│
│╭───────── Controls ──────────╮╭─────────────── Widget Demos ────────────────╮│
││Preset: [1] Flex Vertical    ││┌Padding─────────────┐ ┌Align (l)───────────┐││
││Direction: Vertical (d)      │││                    │ │       Center       │││
││Alignment: Start (a)         ││└────────────────────┘ └────────────────────┘││
││Gap: 0 (+/-)                 ││┌Columns─────────────┐ ┌Group───────────────┐││
││Margin: 0 (m/M)              │││A      B      C     │ │Overlayayer         │││
││Padding: 1 (p/P)             ││└────────────────────┘ └────────────────────┘││
│╰─────────────────────────────╯╰─────────────────────────────────────────────╯│
╰──────────────────────────────────────────────────────────────────────────────╯
 Layout Lab [5/18]  Cyberpunk Aurora           tick:0 frm:0           0x0 00:00 