 1: Tour │ 2: Dash │ 3: Shakes │ 4: Code │ 5: Widgets │ 6: Layout │ 7: Forms    
╭─────────────────────────────────Guided Tour──────────────────────────────────╮
│                                                                              │
│                                                                              │
│                                                                              │
│                                                                              │
│        ╭────────────────────────Guided Tour─────────────────────────╮        │
│        │A 2–3 minute auto-play tour across key screens.             │        │
│        │Press Enter or Space to start.                              │        │
│        │Controls while running: Space pause · ←/→ step · Esc exit · │        │
│        │+/- speed                                                   │        │
│        │Tip: You can restart anytime from the Tour tab.             │        │
│        │                                                            │        │
│        │                                                            │        │
│        │                                                            │        │
│        │                                                            │        │
│        ╰────────────────────────────────────────────────────────────╯        │
│                                                                              │
│                                                                              │
│                                                                              │
│                                                                              │
│                                                                              │
╰──────────────────────────────────────────────────────────────────────────────╯
 Guided Tour [1/42] [h] [cmd] [p] [d]    Tab/Shift+Tab: next/prev     0x0 00:00 