 1: Tour │ 2: Dash │ 3: Shakes │ 4: Code │ 5: Widgets │ 6: Layout │ 7: Forms    
╭───────────────────────────────Layout Inspector───────────────────────────────╮
│╭──────────────────────────────Layout Inspector──────────────────────────────╮│
││╭────────Inspector────────╮  ╭───────────────────Layout────────────────────╮││
│││Scenario: Flex Trio      │  │╭Fixed 45x3 [0..∞ x 3..3])──────────────────╮│││
│││Details: Vertical flex: F│  ││                                           ││││
│││Step: Constraints - Inspe│  │╰───────────────────────────────────────────╯│││
│││                         │  │                                             │││
│││Overlay: on   Tree: on   │  │╭Min 45x4 [0..∞ x 4..∞]4)───────────────────╮│││
│││                         │  ││                                           ││││
│││Keys: n/p scenario  [/ ] │  ││                                           ││││
│││                         │  │╰───────────────────────────────────────────╯│││
│││FlexRoot  req 45x10  got │  │                                             │││
│││  Fixed  req 45x3  got 45│  │.Max 45x6→45x1 [0..∞ x 0..6]────────────────.│││
│││  Min  req 45x4  got 45x4│  ╰─────────────────────────────────────────────╯││
│││  Max  req 45x6  got 45x1│                                                 ││
│││                         │  ╭────────────────────Tree─────────────────────╮││
│││                         │  │FlexRoot req=45x10 got=45x10 min=0x0 max=0x0 │││
│││                         │  │  Fixed req=45x3 got=45x3 min=0x3 max=0x3    │││
│││                         │  │  Min req=45x4 got=45x4 min=0x4 max=0x0      │││
││╰─────────────────────────╯  ╰─────────────────────────────────────────────╯││
│╰────────────────────────────────────────────────────────────────────────────╯│
╰──────────────────────────────────────────────────────────────────────────────╯
 Layout Inspector [24/42] [h] [cmd] [p] [d] Tab/Shift+Tab: next/prev  0x0 00:00 