 1: Dash │ 2: Shakes │ 3: Code │ 4: Widgets │ 5: Layout │ 6: Forms │ 7: DataViz 
╭───────────────────────────────────Data Viz───────────────────────────────────╮
│╭─────────────Sparklines──────────────╮╭────────Bar Chart (Vertical)─────────╮│
││Sine wave:                           ││                              ▄▄    █││
││▄▇█▅▁ ▃▇█▆▂ ▂▆█▇▃ ▁▅█▇▄▁ ▃▇█▅▁       ││      ▁▁  ▃▃    ▆▆            ██ ▅▅ █││
││Cosine wave:                         ││      ██  ██ ▂▂ ██     ▇▇ ▄▄  ██ ██ █││
││█▆▂ ▁▅█▇▃ ▁▄▇█▅▁ ▃▇█▆▂ ▂▆█▇▃ ▁       ││▇▇ ▄▄ ██  ██ ██ ██  ▂▂ ██ ██  ██ ██ █││
││Random noise:                        ││██ ██ ██  ██ ██ ██  ██ ██ ██  ██ ██ █││
││█▇▁▃▁▅▃▄▄▆ █▂ ▃▃▆▃▅█▁█▄ ▇▆▃▁         ││██ ██ ██  ██ ██ ██  ██ ██ ██  ██ ██ █││
││SIN █░░░░░░░ COS █░░░░░░░ RND ░░░░░░░││██ ██ ██  ██ ██ ██  ██ ██ ██  ██ ██ █││
││                                     ││   Q         Q         Q         Q   ││
│╰─────────────────────────────────────╯╰─────────────────────────────────────╯│
│╭─────────────Line Chart──────────────╮╭──────────Canvas (Braille)───────────╮│
│││⢆⣀⢤    ⡦⡀⡰⡀   ⣀⢤⡰⢄    ⡰⣠⢄⡀ ■ sin(t) ││⡏⡭⠭⠭⠭⠭⠭⠭⠍⠭⠭⠭⠩⠭⡉⣉⡉⣉⣉⣉⢉⣉⢉⠭⠍⠭⠭⠭⠩⠭⠭⠭⠭⠭⠭⢭⡇││
│││⢨⡇ ⡇  ⢸ ⡸⡁⢣  ⢠⠃⢠⡇⠈⡆  ⡰⠁⣯ ⢣ ■⢠cos(t) ││⡇⠉⠓⠢⠤⢄⣀⣀⣀⠤⠤⠠⠒⠂⠊⠁⠉⠉ ⠉⠉⠈⠑⠐⠒⠄⠤⠤⣀⣀⣀⡠⠤⠔⠚⠉⡇││
│││⡜⠸⡀⢸ ⢀⠇⢠⠃⢇⠈⡆ ⡜ ⡎⢸ ⢸ ⢠⠃⢰⠉⡆⠘⡄ ⡎ ⡎⢸ ⢇  ││⡇⢀⣀⠤⠒⠊⠉⠉⠈⠒⠒⠤⠠⣀⡀⡀     ⢀⢀⣀⠄⠤⠒⠒⠁⠉⠉⠑⠒⠤⣀⡀⡇││
│││⠁ ⢇⠈⡆⡜ ⡎ ⠸⡀⢸⢠⠃⢰⠁ ⢇⠈⡆⡎ ⡎ ⢸ ⢣⢰⠁⢸ ⠈⡆⠘⡄ ││⡇⡏           ⡀⣀⠬⠡⠕⠒⠪⠌⠥⣀⢀           ⢹⡇││
│││  ⠘⡄⢱⠁⢰⠁  ⢇ ⣟⢀⠇  ⠘⡄⢱⠁⢰⠁  ⢇⢘⡇ ⡇  ⢱ ⢱ ││⡇⠉⠲⠤⣀⢀⣀⠤⠤⠒⠊⠈⠉           ⠉⠁⠑⠒⠤⠤⣀⡀⣀⠤⠖⠉⡇││
│││   ⠱⠃⠑⠎   ⠘⠊⠉⠎    ⠘⠎⠖⠁   ⠈⠎⠉⠚   ⠈⠖⠁ ││⡇⡠⠖⠒⠉⠉⠉⠒⠒⠢⠠⠤⣀⢀⣀⢀     ⡀⣀⡀⣀⠤⠄⠔⠒⠒⠉⠉⠉⠒⠲⢄⡇││
││└────────────────────────────────────││⠧⠵⠶⠶⠶⠶⠶⠶⠶⠶⠴⠶⠦⠶⠶⠴⠯⠭⠭⠭⠽⠦⠶⠶⠴⠶⠦⠶⠶⠶⠶⠶⠶⠶⠶⠮⠇││
│╰─────────────────────────────────────╯╰─────────────────────────────────────╯│
│Tick: 30 | Ctrl+←/→: panels | d: toggle bar direction                         │
╰──────────────────────────────────────────────────────────────────────────────╯
 Data Viz [7/18]  Cyberpunk Aurora            tick:0 frm:0            0x0 00:00 