 1: Tour │ 2: Dash │ 3: Shakes │ 4: Code │ 5: Widgets │ 6: Layout │ 7: Forms    
╭─────────────────────────────────Shakespeare──────────────────────────────────╮
│┏━━━━━━Complete Works of William Shakespeare━━━━━━┓╭─────Match Navigator─────╮│
│┃      1 The Project Gutenberg eBook of The Compl█┃│No matches yet           ││
│┃      2                                         │┃│                         ││
│┃      3 This ebook is for the use of anyone anyw│┃│                         ││
│┃      4 most other parts of the world at no cost│┃│                         ││
│┃      5 whatsoever. You may copy it, give it awa│┃│                         ││
│┃      6 of the Project Gutenberg License include│┃│Type / to search instantl││
│┃      7 at www.gutenberg.org. If you are not loc│┃╰─────────────────────────╯│
│┃      8 you will have to check the laws of the c│┃╭────────Navigator────────╮│
│┃      9 before using this eBook.                │┃│▶ THE SONNETS            ││
│┃     10                                         │┃│  THE SONNETS            ││
│┃     11 Title: The Complete Works of William Sha│┃│  ALL’S WELL THAT ENDS WE││
│┃     12                                         │┃│  KING OF FRANCE.        ││
│┃     13 Author: William Shakespeare             │┃│  COUNTESS.              ││
│┃     14                                         │┃╰─────────────────────────╯│
│┃     15 Release date: January 1, 1994 [eBook #10│┃╭─────Search Insights─────╮│
│┃     16                 Most recently updated: A│┃│Section: Preamble        ││
│┃     17                                         │┃│Matches: 0 · View: 17 lin││
│┗━━━━━━━━━━━━━━━━━━━━━━━━━━━━━━━━━━━━━━━━━━━━━━━━━┛╰─────────────────────────╯│
│ Mode: Library · Line 1/196395 (0%) · Matches: 0 | Preamble                   │
╰──────────────────────────────────────────────────────────────────────────────╯
 Shakespeare [3/42] [h] [cmd] [p] [d]    Tab/Shift+Tab: next/prev     0x0 00:00 