Q:1 R:3 D:0 F:0 | FIFO[First-In-First-Out] | Aging:✓                                                                    
╭──────────────────────────────Task Queue──────────────────────────────╮╭─────────────────Task Details─────────────────╮
│> Running  [M] Initial Setup                              ██░░░░░  33%││ID: 1                                         │
│  Running  [L] Data Sync                                  █░░░░░░  20%││Name: Initial Setup                           │
│  Running  [H] Cache Warm                                 ████░░░  50%││State: Running                                │
│  Queued   [M] Full Build #1                                          ││Priority: 2                                   │
│                                                                      ││Progress: 33%                                 │
│                                                                      ││Elapsed: 10 ticks                             │
│                                                                      ││Estimated: 30 ticks                           │
│                                                                      ││                                              │
│                                                                      ││                                              │
│                                                                      ││                                              │
│                                                                      ││                                              │
│                                                                      ││                                              │
│                                                                      ││                                              │
│                                                                      ││                                              │
│                                                                      ││                                              │
│                                                                      ││                                              │
│                                                                      ││                                              │
│                                                                      │╰──────────────────────────────────────────────╯
│                                                                      │╭───────────────────Activity───────────────────╮
│                                                                      ││Spawned: Initial Setup                        │
│                                                                      ││Spawned: Data Sync                            │
│                                                                      ││Spawned: Cache Warm                           │
│                                                                      ││Spawned: Full Build #1                        │
│                                                                      ││Started: Initial Setup                        │
│                                                                      ││Started: Data Sync                            │
│                                                                      ││Started: Cache Warm                           │
│                                                                      ││                                              │
│                                                                      ││                                              │
│                                                                      ││                                              │
│                                                                      ││                                              │
│                                                                      ││                                              │
│                                                                      ││                                              │
│                                                                      ││                                              │
│                                                                      ││                                              │
│                                                                      ││                                              │
│                                                                      ││                                              │
╰──────────────────────────────────────────────────────────────────────╯╰──────────────────────────────────────────────╯
n:spawn  c:cancel  s:scheduler  a:aging  r:retry  j/k:nav                                                               