FRANKENTUI DASHBOARD                                                                                                    
╭────────Plasma────────╮╭──────────────Charts──────────────╮╭───────────────Code───────────────╮╭─────────Info─────────╮
│⣿⣿⣿⣿⣿⣿⣿⣿⣿⣿⣿⣿⣿⣿⣿⣿⣿⣿⣿⣿⣿⣿││CPU ▃ ▃▃▂▂▁▁▄▃▄▂▅▅▅▆▂▄▅▃▆▅▄▄▆▆▅▆▇█││// FrankenTUI                     ││FPS: 0                │
│⣿⣿⣿⣿⣿⣿⣿⣿⣿⣿⣿⣿⣿⣿⣿⣿⣿⣿⣿⣿⣿⣿││MEM ▅▂ ▃▁▄▄▂▂▇▅▃▅▂▃▄▆▄▇█▂▆▅▄▂▇▅▆█▅││use ftui::*;                      ││120x40                │
│⣿⣿⣿⣿⣿⣿⣿⣿⣿⣿⣿⣿⣿⣿⣿⣿⣿⣿⣿⣿⣿⣿││NET ▁▁▁▁▁  ▁   ▇▁▁    ▁ █▁▁▁▁█▁ ▁ ││                                  ││Cyberpunk Aurora      │
│⣿⣿⣿⣿⣿⣿⣿⣿⣿⣿⣿⣿⣿⣿⣿⣿⣿⣿⣿⣿⣿⣿││                                  ││fn main() {                       ││Tick: 30              │
│⣿⣿⣿⣿⣿⣿⣿⣿⣿⣿⣿⣿⣿⣿⣿⣿⣿⣿⣿⣿⣿⣿││                                  ││  App::run()                      ││                      │
│⣿⣿⣿⣿⣿⣿⣿⣿⣿⣿⣿⣿⣿⣿⣿⣿⣿⣿⣿⣿⣿⣿││                                  ││}                                 ││                      │
│⣿⣿⣿⣿⣿⣿⣿⣿⣿⣿⣿⣿⣿⣿⣿⣿⣿⣿⣿⣿⣿⣿││                                  ││                                  ││                      │
│⣿⣿⣿⣿⣿⣿⣿⣿⣿⣿⣿⣿⣿⣿⣿⣿⣿⣿⣿⣿⣿⣿││                                  ││                                  ││                      │
│⣿⣿⣿⣿⣿⣿⣿⣿⣿⣿⣿⣿⣿⣿⣿⣿⣿⣿⣿⣿⣿⣿││                                  ││                                  ││                      │
│⣿⣿⣿⣿⣿⣿⣿⣿⣿⣿⣿⣿⣿⣿⣿⣿⣿⣿⣿⣿⣿⣿││                                  ││                                  ││                      │
│⣿⣿⣿⣿⣿⣿⣿⣿⣿⣿⣿⣿⣿⣿⣿⣿⣿⣿⣿⣿⣿⣿││                                  ││                                  ││                      │
│⣿⣿⣿⣿⣿⣿⣿⣿⣿⣿⣿⣿⣿⣿⣿⣿⣿⣿⣿⣿⣿⣿││                                  ││                                  ││                      │
│⣿⣿⣿⣿⣿⣿⣿⣿⣿⣿⣿⣿⣿⣿⣿⣿⣿⣿⣿⣿⣿⣿││                                  ││                                  ││                      │
│⣿⣿⣿⣿⣿⣿⣿⣿⣿⣿⣿⣿⣿⣿⣿⣿⣿⣿⣿⣿⣿⣿││                                  ││                                  ││                      │
│⣿⣿⣿⣿⣿⣿⣿⣿⣿⣿⣿⣿⣿⣿⣿⣿⣿⣿⣿⣿⣿⣿││                                  ││                                  ││                      │
│⣿⣿⣿⣿⣿⣿⣿⣿⣿⣿⣿⣿⣿⣿⣿⣿⣿⣿⣿⣿⣿⣿││                                  ││                                  ││                      │
│⣿⣿⣿⣿⣿⣿⣿⣿⣿⣿⣿⣿⣿⣿⣿⣿⣿⣿⣿⣿⣿⣿││                                  ││                                  ││CPU ██████░░░░░░░  46%│
│⣿⣿⣿⣿⣿⣿⣿⣿⣿⣿⣿⣿⣿⣿⣿⣿⣿⣿⣿⣿⣿⣿││                                  ││                                  ││MEM █████░░░░░░░░  41%│
│⣿⣿⣿⣿⣿⣿⣿⣿⣿⣿⣿⣿⣿⣿⣿⣿⣿⣿⣿⣿⣿⣿││                                  ││                                  ││DSK █████████░░░░  67%│
╰──────────────────────╯╰──────────────────────────────────╯╰──────────────────────────────────╯╰──────────────────────╯
╭─────────Statistics─────────╮╭───────────────────Activity───────────────────╮╭────────────────Markdown────────────────╮
│18S 45W 7E                  ││- 00:02 CPU spike detected on core 3          ││Bold italic `code` E=mc²                │
│                            ││                                              ││✓ TUI framework                         │
│                            ││                                              ││                                        │
│                            ││                                              ││                                        │
│                            ││                                              ││                                        │
│                            ││                                              ││                                        │
│                            ││                                              ││                                        │
│                            ││                                              ││                                        │
│                            ││                                              ││                                        │
│                            ││                                              ││                                        │
│                            ││                                              ││                                        │
│                            ││                                              ││                                        │
│                            ││                                              ││                                        │
│                            ││                                              ││                                        │
│                            ││                                              ││                                        │
╰────────────────────────────╯╰──────────────────────────────────────────────╯╰────────────────────────────────────────╯
1-9:screens | Tab:next | t:theme | ?:help | q:quit                                                                      