╭──────────────Sparklines──────────────╮╭─────────Bar Chart (Vertical)─────────╮
│Sine wave:                            ││                              ▃▃    ██│
│▄▇█▅▁ ▃▇█▆▂ ▂▆█▇▃ ▁▅█▇▄▁ ▃▇█▅▁        ││                ▄▄            ██ ▂▂ ██│
│Cosine wave:                          ││      ▅▅  ██    ██     ▂▂     ██ ██ ██│
│█▆▂ ▁▅█▇▃ ▁▄▇█▅▁ ▃▇█▆▂ ▂▆█▇▃ ▁        ││      ██  ██ ▃▃ ██     ██ ▆▆  ██ ██ ██│
│Random noise:                         ││██ ▄▄ ██  ██ ██ ██  ▂▂ ██ ██  ██ ██ ██│
│█▇▁▃▁▅▃▄▄▆ █▂ ▃▃▆▃▅█▁█▄ ▇▆▃▁          ││██ ██ ██  ██ ██ ██  ██ ██ ██  ██ ██ ██│
│SIN █░░░░░░░ COS █░░░░░░░ RND ░░░░░░░░││██ ██ ██  ██ ██ ██  ██ ██ ██  ██ ██ ██│
│                                      ││██ ██ ██  ██ ██ ██  ██ ██ ██  ██ ██ ██│
│                                      ││██ ██ ██  ██ ██ ██  ██ ██ ██  ██ ██ ██│
│                                      ││   Q         Q         Q         Q    │
╰──────────────────────────────────────╯╰──────────────────────────────────────╯
╭──────────────Line Chart──────────────╮╭───────────Canvas (Braille)───────────╮
││⢆ ⣀    ⢠⡀⢠     ⢀⡀⣄     ⡄⢀   ■ sin(t) ││⡏⡭⠭⠭⠭⠭⠭⠭⠭⠭⠍⠭⠭⢉⣉⡉⣉⠉⠉⠉⠉⣉⢉⣉⡉⠭⠭⠩⠭⠭⠭⠭⠭⠭⠭⠭⢭⡇│
││⠸⡏⠘⡄   ⡇⢱⠃⢣   ⡸⠁⢳⠁⢣   ⡜⠘⡎⠙⡄ ■⢀cos(t) ││⡇⠑⠦⣀⡀     ⢀⣀⢀⠤⠄⠒⠂⠊⠉⠉⠑⠐⠒⠠⠤⡀⣀⡀     ⢀⣀⠴⠊⡇│
││⢸⢇ ⡇  ⡸ ⡜⡆⠈⡆  ⡇ ⣾ ⠘⡄ ⢰⠁⢰⢱ ⢣  ⡎ ⡎⡆⠘⡄  ││⡇   ⢈⣉⠶⠲⢎⣁⠁                ⠈⣈⡱⠖⠶⣉⡁   ⡇│
││⡜⠸⡀⢸  ⡇ ⡇⢇ ⢣ ⢰⠁⢰⠁⡇ ⡇ ⡎ ⡇⠘⡄⠘⡄⢠⠃⢀⠇⢱ ⢇  ││⡇⢀⠤⠊⠉     ⠁⠉⠒⠠⠤⢀⣀    ⣀⡀⠤⠄⠒⠉⠈     ⠉⠑⠤⡀⡇│
││⠁ ⢇ ⡇⢸ ⢸ ⢸ ⢸ ⡜ ⡎ ⢸ ⢱⢰⠁⢰⠁ ⡇ ⢇⢸ ⡸ ⠘⡄⠸⡀ ││⡇⡇             ⣀⠄⠬⠓⠚⠥⠠⣀             ⢸⡇│
││  ⠸⡀⢸⡜ ⡎  ⢇ ⣧⠃⢰⠁  ⡇⠸⡜ ⡸  ⢸ ⢸⡇⢀⠇  ⢇ ⢇ ││⡇⠓⢄⡀    ⣀⡀⠤⠒⠂⠉⠁        ⠈⠉⠐⠒⠤⢀⣀    ⢀⡠⠚⡇│
││   ⢇⢠⢇⢰⠁  ⠸⣀⡽⡀⡎   ⠸⣀⢇⢀⠇  ⠈⢆⢸⡇⡸   ⠸⡀⡸ ││⡇  ⣉⡵⠶⢎⣉                      ⣉⡱⠶⢮⣉  ⡇│
││   ⠘⠁⠈⠃    ⠁ ⠱⠁    ⠙⠘⠁    ⠈⠎⠈⠁    ⠋  ││⡇⡔⠉⠁    ⠁⠉⠑⠂⠢⠤⠠⣀⢀⣀  ⣀⡀⣀⠄⠤⠔⠐⠊⠉⠈    ⠈⠉⢢⡇│
│└─────────────────────────────────────││⠧⠭⠶⠶⠶⠶⠶⠶⠴⠶⠶⠦⠶⠦⠶⠮⠬⠥⠭⠭⠬⠥⠵⠶⠴⠶⠴⠶⠶⠦⠶⠶⠶⠶⠶⠶⠭⠇│
╰──────────────────────────────────────╯╰──────────────────────────────────────╯
Tick: 30 | Ctrl+←/→: panels | d: toggle bar direction                           