╭──────────────Sparklines──────────────╮╭─────────Bar Chart (Vertical)─────────╮╭────────────Spectrum Bars─────────────╮
│Sine wave: -0.66                      ││                              ▁▁    ██││          █ █                         │
│▄▇█▅▁ ▃▇█▆▂ ▂▆█▇▃ ▁▅█▇▄▁ ▃▇█▅▁        ││                              ██    ██││          █ █ █                       │
│Cosine wave: -0.75                    ││                ▆▆            ██ ▃▃ ██││        █ █ █ █                       │
│█▆▂ ▁▅█▇▃ ▁▄▇█▅▁ ▃▇█▆▂ ▂▆█▇▃ ▁        ││      ▄▄  ██    ██            ██ ██ ██││        █ █ █ █                       │
│Random noise: -0.92                   ││      ██  ██    ██     ██ ▃▃  ██ ██ ██││        █ █ █ █                       │
│█▇▁▃▁▅▃▄▄▆ █▂ ▃▃▆▃▅█▁█▄ ▇▆▃▁          ││▂▂    ██  ██ ▆▆ ██     ██ ██  ██ ██ ██││      █ █ █ █ █                       │
│SIN █░░░░░░░ COS █░░░░░░░ RND ░░░░░░░░││██ ▅▅ ██  ██ ██ ██  ▁▁ ██ ██  ██ ██ ██││      █ █ █ █ █                       │
│                                      ││██ ██ ██  ██ ██ ██  ██ ██ ██  ██ ██ ██││    █ █ █ █ █ █                       │
│                                      ││██ ██ ██  ██ ██ ██  ██ ██ ██  ██ ██ ██││    █ █ █ █ █ █                       │
│                                      ││██ ██ ██  ██ ██ ██  ██ ██ ██  ██ ██ ██││█ █ █ █ █ █ █ █                       │
│                                      ││██ ██ ██  ██ ██ ██  ██ ██ ██  ██ ██ ██││█ █ █ █ █ █ █ █                       │
│                                      ││██ ██ ██  ██ ██ ██  ██ ██ ██  ██ ██ ██││█ █ █ █ █ █ █ █                       │
│                                      ││██ ██ ██  ██ ██ ██  ██ ██ ██  ██ ██ ██││█ █ █ █ █ █ █ █                       │
│                                      ││   Q         Q         Q         Q    ││3 6 1 2 5 1 2 4                       │
╰──────────────────────────────────────╯╰──────────────────────────────────────╯╰──────────────────────────────────────╯
╭──────────────Line Chart──────────────╮╭───────────Canvas + Heatmap───────────╮╭────────────Signal Matrix─────────────╮
││⡄      ⢀ ⢠       ⡄     ⡄    ■ sin(t) ││⡏⡭⠭⠭⠭⠭⠭⠭⠭⠭⠍⠭⠭⠩⣉⡉⣉⢉⡉⢉⡉⣉⢉⣉⠍⠭⠭⠩⠭⠭⠭⠭⠭⠭⠭⠭⢭⡇││Heatmap:                              │
││⣱⡔⢺    ⡜⢣⡏⡆  ⢰⢰⠊⣧⠛⡄   ⢸⣵⡸⢢  ■ cos(t) ││⡇⠙⠲⠤⣄⡀   ⡀⣀⠤⠠⠔⠂⠒⠁⠉⠉⠉⠉⠈⠒⠐⠢⠄⠤⣀⢀   ⢀⣠⠤⠖⠋⡇││                                      │
││⢘⡇ ⡇  ⢀⠇⢸ ⢱  ⢸⡜ ⢹ ⢱   ⣧⡏⡇⢸⡆ ■⣴noise  ││⡇  ⣀⡠⠜⠛⠙⠛⠤⠄⣀⡀            ⢀⣀⠠⠤⠛⠋⠛⠣⢄⣀  ⡇││                                      │
││⢸⡇ ⡇  ⡸ ⡸⡇⠈⡆ ⡏⡇ ⣿ ⠸⣠ ⢰⢹⢸⢱⡸⣇  ⡏⢸⡟⡄⠸⡀  ││⡇⡴⠋⠁        ⠈⠈⠑⠐⠢⠠⣄⣠⠄⠔⠂⠊⠁⠁        ⠈⠙⢦⡇││                                      │
││⢸⢸ ⢸  ⡇ ⡇⡇⢠⡇ ⣇⡇⢀⠏⡆ ⡿⡄⢸⡇⣼⢸⡇⢹ ⢀⡇⠈⡇⡇ ⡇  ││⡇⢇⡀       ⢀⣀⠄⠤⠂⠒⠁⠉  ⠉⠈⠒⠐⠤⠠⣀⡀       ⢀⡸⡇││                                      │
││⡇⢸⡄⢸ ⢀⣧ ⡇⢣⡜⢿ ⣿⡇⢸ ⡇ ⡇⡇⣿ ⣿ ⡇⢸⡆⢸ ⢠⡇⢸ ⢣  ││⡇ ⠉⠒⣤⣤⣤⠒⠊⠁⠁                ⠈⠈⠑⠒⣤⣤⣤⠒⠉ ⡇││                                      │
││⠁⠈⡇ ⡇⢸⠙⣴⢡⢼⠁⢸⢰⡹⡇⡜ ⢱⢀⢷⢱⠇⢠⠃⡇⡇ ⡇⢸ ⢸⢇⠸⡀⢸  ││⡇⡴⠒⠉   ⠉⠁⠒⠒⠄⠤⢄⢀⣀⢀    ⡀⣀⡀⡠⠤⠠⠒⠒⠈⠉   ⠉⠒⢦⡇││                                      │
││  ⣷⡸⣧⢸ ⢻⠃⠘⡄⢸⣼⡇⢱⡇ ⠸⣸⢸⢸ ⢸ ⡇⣧ ⣷⣼ ⡎⢸ ⡇ ⡇ ││⠧⠽⠶⠶⠶⠶⠶⠶⠴⠶⠶⠦⠶⠦⠶⠶⠬⠭⠭⠭⠭⠥⠶⠶⠴⠶⠴⠶⠶⠦⠶⠶⠶⠶⠶⠶⠯⠇││                                      │
││  ⢿⡇⢻⡾ ⡇  ⢇⢸⣿⠁⢸  ⡏⡇⠘⡎ ⢸ ⣷⢹ ⢸⣿⢀⠇⠘⡄⢣ ⢇ ││Heatmap                               ││                                      │
││  ⢸⡇⢘⡇⢰⠁  ⢸⠈⣿ ⡜⡄⢸ ⢱ ⡇ ⡇ ⢸⠈⡆⢸⡇⢸  ⢱⢸ ⢸ ││                                      ││                                      │
││   ⢣⡜⠱⡜   ⠈⡦⡇⣇⠇⠸⡜ ⠈⢶⢱⡰⠁ ⠘ ⢸⡸⣇⡎   ⠫⣦⣃ ││                                      ││                                      │
││   ⠘  ⠁      ⠘  ⠁  ⠈⠈      ⠃⠁     ⠁  ││                                      ││                                      │
│└─────────────────────────────────────││                                      ││                                      │
╰──────────────────────────────────────╯╰──────────────────────────────────────╯╰──────────────────────────────────────╯
╭──────Sine───────╮ ╭───────Cos───────╮ ╭──────Noise──────╮ ╭───────Mix───────╮ ╭──────Phase───────╮ ╭──────Blend──────╮
│▄▇█▅▁ ▃▇█▆▂ ▂▆█▇▃│ │█▆▂ ▁▅█▇▃ ▁▄▇█▅▁ │ │█▇▁▃▁▅▃▄▄▆ █▂ ▃▃▆│ │▇█▅▂ ▂▆█▆▃ ▁▅█▇▄ │ │▄█▁▃█▂▂█▃▁█▄ ▇▅ ▆▆│ │▆▇▅▄▁▂▃▅▆▆▁▄▂▃▆▅▅│
│███░░░░░░░░░░░░░░│ │██░░░░░░░░░░░░░░░│ │█░░░░░░░░░░░░░░░░│ │███░░░░░░░░░░░░░░│ │█████████████░░░░░│ │██░░░░░░░░░░░░░░░│
│17%              │ │13%              │ │4%               │ │15%              │ │75%               │ │10%              │
│                 │ │                 │ │                 │ │                 │ │                  │ │                 │
│                 │ │                 │ │                 │ │                 │ │                  │ │                 │
│                 │ │                 │ │                 │ │                 │ │                  │ │                 │
╰─────────────────╯ ╰─────────────────╯ ╰─────────────────╯ ╰─────────────────╯ ╰──────────────────╯ ╰─────────────────╯
Tick: 30 | Arrows: panels | d: bar dir | Space: pause | r: reset                                                        