╭──────────────Sparklines──────────────╮╭─────────Bar Chart (Vertical)─────────╮╭────────────Spectrum Bars─────────────╮
│Sine wave: -0.43                      ││                              ▁▁    ██││        █ █                           │
│▄▇█▅▁ ▃▇█▆▂ ▂▆█▇▃ ▁▅█▇▄▁ ▃▇█▅▁▂       ││                              ██    ██││        █ █ █                         │
│Cosine wave: -0.90                    ││                ▆▆            ██ ▃▃ ██││      █ █ █ █                         │
│█▆▂ ▁▅█▇▃ ▁▄▇█▅▁ ▃▇█▆▂ ▂▆█▇▃ ▁        ││      ▄▄  ██    ██            ██ ██ ██││      █ █ █ █ █                       │
│Random noise: +0.46                   ││      ██  ██    ██     ██ ▃▃  ██ ██ ██││    █ █ █ █ █ █                       │
│█▇▁▃▁▅▃▄▄▆ █▂ ▃▃▆▃▅█▁█▄ ▇▆▃▁  ▆       ││▂▂    ██  ██ ▆▆ ██     ██ ██  ██ ██ ██││    █ █ █ █ █ █                       │
│SIN ██░░░░░░ COS ░░░░░░░░ RND ██████░░││██ ▅▅ ██  ██ ██ ██  ▁▁ ██ ██  ██ ██ ██││    █ █ █ █ █ █                       │
│                                      ││██ ██ ██  ██ ██ ██  ██ ██ ██  ██ ██ ██││  █ █ █ █ █ █ █                       │
│                                      ││██ ██ ██  ██ ██ ██  ██ ██ ██  ██ ██ ██││  █ █ █ █ █ █ █                       │
│                                      ││██ ██ ██  ██ ██ ██  ██ ██ ██  ██ ██ ██││█ █ █ █ █ █ █ █                       │
│                                      ││██ ██ ██  ██ ██ ██  ██ ██ ██  ██ ██ ██││█ █ █ █ █ █ █ █                       │
│                                      ││██ ██ ██  ██ ██ ██  ██ ██ ██  ██ ██ ██││█ █ █ █ █ █ █ █                       │
│                                      ││██ ██ ██  ██ ██ ██  ██ ██ ██  ██ ██ ██││█ █ █ █ █ █ █ █                       │
│                                      ││   Q         Q         Q         Q    ││3 6 1 2 5 1 2 4                       │
╰──────────────────────────────────────╯╰──────────────────────────────────────╯╰──────────────────────────────────────╯
╭──────────────Line Chart──────────────╮╭───────────Canvas + Heatmap───────────╮╭────────────Signal Matrix─────────────╮
││⡄      ⡀ ⢠      ⢠     ⢠     ■⢠sin(t) ││⡏⣉⡩⠭⠭⠭⠭⠭⠍⠭⠭⠍⠭⠭⠩⡭⣩⡭⣉⣉⢭⣍⢭⠍⠭⠭⠩⠭⠭⠩⠭⠭⠭⠭⠭⢍⣉⡇││Heatmap:                              │
││⣱⡔⢺   ⢀⠟⣤⠛⡄  ⡆⡖⢹⡜⡇   ⢠⢻⣼⢢   ■⡜cos(t) ││⡇⠧⣄  ⢀⣀⠄⠤⠔⠒⠂⠉⠁⠉        ⠉⠈⠉⠐⠒⠢⠤⠠⣀⡀  ⣠⠼⡇││                                      │
││⢘⡇ ⡇  ⢸ ⣇ ⡇  ⣧⠃⠈⡇⢸   ⡇⣾⡏⢸⡆  ■⡇noise  ││⡇⢀⡤⠛⠙⠫⠤⣀⡀                    ⢀⣀⠤⠝⠋⠛⢤⡀⡇││                                      │
││⢸⡇ ⡇  ⡜⢀⢿ ⢸ ⢀⢿ ⢸⡇⠘⡄⡄⢀⢷⠹⣿⡸⣇  ⢸⢸⡟⡄⠸⡀ ⢠ ││⡇⡇      ⠈⠁⠑⠒⠠⠤⡀⡀      ⢀⢀⠤⠄⠒⠊⠈⠁      ⢸⡇││                                      │
││⢸⢸ ⢸  ⡇⢸⠈⡆⣸⡀⢸⣸ ⡸⢱ ⣷⢣⢸⡎⢰⣿⡇⢹  ⡟⠈⡇⡇ ⡇ ⡸ ││⡇⠙⠦⣄⡀         ⢀⡈⡡⠕⠖⠲⠪⢌⢁⡀         ⢀⣠⠴⠋⡇││                                      │
││⡇⢸⡄⢸ ⢰⣇⢸ ⡇⡏⡇⢸⣿ ⡇⢸ ⣸⢸⢸⠁⢸⡇⡇⢸⡆ ⡇⢠⡇⢸ ⢇ ⡇ ││⡇   ⠉⠑⠒⣤⣄⣤⢔⠐⠊⠁⠁        ⠈⠈⠑⠂⡢⣤⣠⣤⠒⠊⠉   ⡇││                                      │
││⠁⠈⡇⠈⡆⢸⢸⡎⡤⢼ ⣷⢸⣿⢠⠃⠘⡄⡿⡈⡞ ⡇⡇⡇ ⡇⢰⡇⢸⢇⠸⡀⢸ ⡇ ││⡇⢀⡠⠴⠒⠊⠉    ⠉⠁⠒⠂⠢⢄⢤⣀⣀⡤⡠⠔⠐⠒⠈⠉    ⠉⠑⠒⠦⢄⡀⡇││                                      │
││  ⣷⡸⡇⡟⠈⡟ ⠸⡀⢻⢸⠈⣾  ⣷⠁⡇⡇⢀⠇⡇⣧ ⣷⢸ ⡸⢸ ⡇⢸⢰⠁ ││⠧⠷⠶⠶⠶⠶⠶⠶⠶⠶⠦⠶⠭⠬⠭⠬⠥⠤⠤⠤⠤⠬⠥⠭⠥⠭⠶⠴⠶⠶⠶⠶⠶⠶⠶⠶⠾⠇││                                      │
││  ⢿⡇⣧⡇⢰⠁  ⡇⢸⣿ ⡇ ⢸⡇ ⢳⠁⢸ ⢱⢹ ⢸⣿ ⡇⠘⡄⢣⠈⣾⡔ ││Heatmap                               ││                                      │
││  ⢸⡇⢹ ⢸   ⢇⠸⣯⢠⢣ ⡇⢸ ⢸ ⡎ ⢸⠈⡆⢸⡿⢀⠇ ⢱⢸ ⡿  ││                                      ││                                      │
││   ⢣⡏⢢⡎   ⢸⠤⡿⡸ ⢧⠃⠈⢢⡎⣦⠃ ⠘ ⢸⡸⡧⣸   ⠫⣶⡏⢆ ││                                      ││                                      │
││   ⠘  ⠁      ⠃ ⠈   ⠁⠁     ⠃⠁     ⠁   ││                                      ││                                      │
│└─────────────────────────────────────││                                      ││                                      │
╰──────────────────────────────────────╯╰──────────────────────────────────────╯╰──────────────────────────────────────╯
╭──────Sine───────╮ ╭───────Cos───────╮ ╭──────Noise──────╮ ╭───────Mix───────╮ ╭──────Phase───────╮ ╭──────Blend──────╮
│▄▇█▅▁ ▃▇█▆▂ ▂▆█▇▃│ │█▆▂ ▁▅█▇▃ ▁▄▇█▅▁ │ │█▇▁▃▁▅▃▄▄▆ █▂ ▃▃▆│ │▇█▅▂ ▂▆█▆▃ ▁▅█▇▄ │ │▄█▁▃█▂▂█▃▁█▄ ▇▅ ▆▆│ │▆▇▅▄▁▂▃▅▆▆▁▄▂▃▆▅▅│
│█████░░░░░░░░░░░░│ │█░░░░░░░░░░░░░░░░│ │████████████░░░░░│ │███░░░░░░░░░░░░░░│ │████████████░░░░░░│ │█████████░░░░░░░░│
│29%              │ │5%               │ │73%              │ │17%              │ │69%               │ │51%              │
│                 │ │                 │ │                 │ │                 │ │                  │ │                 │
│                 │ │                 │ │                 │ │                 │ │                  │ │                 │
│                 │ │                 │ │                 │ │                 │ │                  │ │                 │
╰─────────────────╯ ╰─────────────────╯ ╰─────────────────╯ ╰─────────────────╯ ╰──────────────────╯ ╰─────────────────╯
Tick: 35 | Arrows: panels | d: bar dir | Space: pause | r: reset                                                        