                                                                                
                                                                                
                                                                                
                                                                                
                                                                                
                                                                                
          ┌──────────────────────────Prompt──────────────────────────┐          
          │                       Enter name:                        │          
          │                                                          │          
          │                                                          │          
          │                                                          │          
          │                    [ OK ]  [ Cancel ]                    │          
          │                                                          │          
          │                                                          │          
          │                                                          │          
          │                                                          │          
          │                                                          │          
          └──────────────────────────────────────────────────────────┘          
                                                                                
                                                                                
                                                                                
                                                                                
                                                                                
                                                                                