                                                                                
                                                                                
                                                                                
                                                                                
                                                                                
                                                                                
                                                                                
          ┌─────────────────────────Confirm──────────────────────────┐          
          │                      Are you sure?                       │          
          │                                                          │          
          │                    [ OK ]  [ Cancel ]                    │          
          │                                                          │          
          │                                                          │          
          │                                                          │          
          │                                                          │          
          │                                                          │          
          └──────────────────────────────────────────────────────────┘          
                                                                                
                                                                                
                                                                                
                                                                                
                                                                                
                                                                                
                                                                                