Mermaid Showcase | Sequence Mini (7/22) | Layout: Auto | Score: 50.9 | Viewport:
╭───────Samples────────╮╭───────────────────────Viewport───────────────────────╮
│  Flow Basic [flow, S,││                                                      │
│  Flow Subgraphs [flow││           ⢸⣿⣿⣿⣿⣿⣿⣿⣿⣿⣿⣿⣿⣿    ⣿⣿⣿⣿⣿⣿⣿⣿⣿⣿⣿⣿⣿⡇           │
│  Flow Dense [flow, L,││           ⢸⣿⣿⣿⣿⣿⣿⣿⣿⣿⣿⣿⣿⣿    ⣿⣿⣿⣿⣿⣿⣿⣿⣿⣿⣿⣿⣿⡇           │
│  Flow Long Labels [fl││                       │       │                      │
│  Flow Unicode [flow, ││                                                      │
│  Flow Styles [flow, M││                  ⢀⣀⣀⣀⣀│⣀⣀⣀⣀⣀⣀⣀│⣀⣰⣤⣀                  │
│> Sequence Mini [seque││                                 ⠘⠊⠁                  │
│  Sequence Checkout [s││                    ⣀  │       │                      │
│  Sequence Dense [sequ││                  ⠐⠻⢾⠒⠒⠒⠒⠒⠒⠒⠒⠒⠒⠒⠒⠒⠒⠒                  │
│  Class Basic [class, ││                       │       │                      │
│  Class Members [class││                                                      │
│  State Basic [state, ││                       │       │                      │
│  State Composite [sta│╰──────────────────────────────────────────────────────╯
│  ER Basic [er, M, car│╭───────────────────────Metrics────────────────────────╮
│  Gantt Basic [gantt, ││Parse: 0.02 ms                                        │
│  Mindmap Seed [mindma││Layout: 0.01 ms                                       │
│  Mindmap Deep [mindma││Render: 0.00 ms                                       │
│  Pie Basic [pie, S, t││Viewport: auto                                        │
│  Pie Many [pie, M, ma││Zoom: 100%                                            │
│  Gitgraph Basic [unsu││Iters: 0                                              │
╰──────────────────────╯╰──────────────────────────────────────────────────────╯
j/k sample  l layout  r relayout  b render  +/- zoom  []/{} size  o reset  m met