Mermaid Showcase | Requirement Basic (22/22) | Layout: Auto | Score: -6.0 | Viewport: auto | OK                                                                                                         
╭─────────────────────Samples──────────────────────╮╭───────────────────────────────────────────────Viewport───────────────────────────────────────────────╮╭─────────────────Controls─────────────────╮
│  Flow Basic [flow, S, branch, decision]          ││                                                                                                      ││Layout: Auto (l)                          │
│  Flow Subgraphs [flow, M, subgraph, clusters]    ││                                                                                                      ││Tier: auto (t)                            │
│  Flow Dense [flow, L, dense, dag]                ││                                                                                                      ││Glyphs: unicode (g)                       │
│  Flow Long Labels [flow, M, labels, wrap]        ││                                                                                                      ││Render: braille (b)                       │
│  Flow Unicode [flow, S, unicode, labels]         ││                                                                                                      ││Wrap: wordchar (w)                        │
│  Flow Styles [flow, M, classdef, style]          ││                                                                                                      ││Styles: on (s)                            │
│  Sequence Mini [sequence, S, compact]            ││                                                                                                      ││Zoom: 100% (+/-)                          │
│  Sequence Checkout [sequence, M, multi-hop, api] ││                                                                                                      ││Fit: f                                    │
│  Sequence Dense [sequence, L, dense, timing]     ││                                                                                                      ││Metrics: on (m)                           │
│  Class Basic [class, S, inheritance, association]││                                                                                                      ││                                          │
│  Class Members [class, M, fields, methods]       ││                                                                                                      ││                                          │
│  State Basic [state, S, start-end]               ││                                                                                                      ││                                          │
│  State Composite [state, M, composite, notes]    ││                                                                                                      ││                                          │
│  ER Basic [er, M, cardinality, relations]        ││                                                                                                      ││                                          │
│  Gantt Basic [gantt, M, sections, tasks]         ││                                                                                                      ││                                          │
│  Mindmap Seed [mindmap, S, tree]                 ││                                                                                                      ││                                          │
│  Mindmap Deep [mindmap, L, deep, wide]           ││                                                                                                      ││                                          │
│  Pie Basic [pie, S, title, showdata]             ││                                                                                                      ││                                          │
│  Pie Many [pie, M, many-slices]                  ││                                                                                                      ││                                          │
│  Gitgraph Basic [gitgraph, M, gitgraph, branches]││                                                                                                      ││                                          │
│  Journey Basic [journey, M, journey, sections]   ││                                                                                                      ││                                          │
│> Requirement Basic [requirement, M, requirement, ││ ⣀                                                                                                  ⣀ ││                                          │
│                                                  ││ ⣿                                                                                                  ⣿ ││                                          │
│                                                  ││ ⣿                                                                                                  ⣿ ││                                          │
│                                                  ││ ⣿                                                                                                  ⣿ ││                                          │
│                                                  ││ ⣿                                                                                                  ⣿ ││                                          │
│                                                  ││ ⣿                                                                                                  ⣿ ││                                          │
│                                                  ││ ⣿                                                                                                  ⣿ ││                                          │
│                                                  ││ ⣿                                       <<requirement>>
req1                                       ⣿ ││                                          │
│                                                  ││ ⣿                                                                                                  ⣿ ││                                          │
│                                                  ││ ⣿                                                                                                  ⣿ │╰──────────────────────────────────────────╯
│                                                  ││ ⣿                                                                                                  ⣿ │╭─────────────────Metrics──────────────────╮
│                                                  ││ ⣿                                                                                                  ⣿ ││Parse: 0.00 ms                            │
│                                                  ││ ⣿                                                                                                  ⣿ ││Layout: 0.00 ms                           │
│                                                  ││ ⠉                                                                                                  ⠉ ││Render: 0.00 ms                           │
│                                                  ││                                                                                                      ││Viewport: auto                            │
│                                                  ││                                                                                                      ││Zoom: 100%                                │
│                                                  ││                                                                                                      ││Iters: 0                                  │
│                                                  ││                                                                                                      ││Score: -6.00                              │
│                                                  ││                                                                                                      ││Cross: 0                                  │
│                                                  ││                                                                                                      ││Bends: 0                                  │
│                                                  ││                                                                                                      ││Sym: 1.00                                 │
│                                                  ││                                                                                                      ││Comp: 1.00                                │
│                                                  ││                                                                                                      ││Edge var: 0.00                            │
│                                                  ││                                                                                                      ││Label col: 0                              │
│                                                  ││                                                                                                      ││                                          │
│                                                  ││                                                                                                      ││                                          │
│                                                  ││                                                                                                      ││                                          │
│                                                  ││                                                                                                      ││                                          │
│                                                  ││                                                                                                      ││                                          │
│                                                  ││                                                                                                      ││                                          │
│                                                  ││                                                                                                      ││                                          │
│                                                  ││                                                                                                      ││                                          │
│                                                  ││                                                                                                      ││                                          │
│                                                  ││                                                                                                      ││                                          │
│                                                  ││                                                                                                      ││                                          │
╰──────────────────────────────────────────────────╯╰──────────────────────────────────────────────────────────────────────────────────────────────────────╯╰──────────────────────────────────────────╯
j/k sample  l layout  r relayout  b render  +/- zoom  []/{} size  o reset  m metrics  t tier | parse 0ms | layout 0ms | render 0ms                                                                      