Mermaid Showcase | Flow Basic (1/22) | Layout: Auto | Score: 0.8 | Viewport: auto | OK                                  
╭───────────Samples───────────╮╭──────────────────────────Viewport──────────────────────────╮╭───────Status Log───────╮ 
│> Flow Basic [flow, S, branch││                                                            ││metrics: off            │ 
│  Flow Subgraphs [flow, M, su││                                                            ││controls: off           │ 
│  Flow Dense [flow, L, dense,││                                                            ││                        │ 
│  Flow Long Labels [flow, M, ││                                                            ││                        │ 
│  Flow Unicode [flow, S, unic││                                                            ││                        │ 
│  Flow Styles [flow, M, class││                                                            ││                        │ 
│  Sequence Mini [sequence, S,││                                                            ││                        │ 
│  Sequence Checkout [sequence││                                                            ││                        │ 
│  Sequence Dense [sequence, L││                                                            ││                        │ 
│  Class Basic [class, S, inhe││                                                            ││                        │ 
│  Class Members [class, M, fi││                                                            ││                        │ 
│  State Basic [state, S, star││                                                            ││                        │ 
│  State Composite [state, M, ││                                                            ││                        │ 
│  ER Basic [er, M, cardinalit││                                             Yes  OK        ││                        │ 
│  Gantt Basic [gantt, M, sect││                                           ⢠⣤⣤⣤⣤⣤⣤⣤⣤⣤⣤⣤⣤⣤⣤⣤ ││                        │ 
│  Mindmap Seed [mindmap, S, t││                                           ⢸⣿⣿⣿⣿⣿⣿⣿⣿⣿⣿⣿⣿⣿⣿⣿ ││                        │ 
│  Mindmap Deep [mindmap, L, d││ ⣀⣀⣀⣀⣀⣀⣀⣀⣀⣀⣀⣀⣀⣀⣀⡀            ⢀⣀         ⢀⡨⢻⠻⠿⠿⠿⠿⠿⠿⠿⠿⠿⠿⠿⠿⠿⠿⠿ ││                        │ 
│  Pie Basic [pie, S, title, s││ ⣿⣿⣿⣿⣿Start⣿⣿⣿⣿⣿⡇   ⢠⣀ ⢀⣀⣤⣴Check⣷⣦⣤⣀⡀ ⡠⠔⠁                   ││                        │ 
│  Pie Many [pie, M, many-slic││ ⣿⣿⣿⣿⣿⣿⣿⣿⣿⣿⣿⣿⣿⣿⣿⡏⠉⠉⠉⠹⠛⠉⠙⠛⠻⠿⢿⣿⣿⣿⣿⣿⠿⠟⠛⠋⠉⠢⢄                    ││                        │ 
│  Gitgraph Basic [unsupported││ ⠉⠉⠉⠉⠉⠉⠉⠉⠉⠉⠉⠉⠉⠉⠉⠁            ⠈⠉         ⠑⠢⣰⣰⣶⣶⣶⣶⣶⣶⣶⣶⣶⣶⣶⣶⣶⣶⣶ ││                        │ 
│  Journey Basic [unsupported,││                                         ⠈⠉⢹⣿⣿⣿⣿⣿⣿⣿⣿⣿⣿⣿⣿⣿⣿⣿ ││                        │ 
│  Requirement Basic [unsuppor││                                           ⠘⠛⠛⠛⠛⠛⠛⠛⠛⠛⠛⠛⠛⠛⠛⠛ ││                        │ 
│                             ││                                                  Fix       ││                        │ 
│                             ││                                             No             ││                        │ 
│                             ││                                                            ││                        │ 
│                             ││                                                            ││                        │ 
│                             ││                                                            ││                        │ 
│                             ││                                                            ││                        │ 
│                             ││                                                            ││                        │ 
│                             ││                                                            ││                        │ 
│                             ││                                                            ││                        │ 
│                             ││                                                            ││                        │ 
│                             ││                                                            ││                        │ 
│                             ││                                                            ││                        │ 
│                             ││                                                            ││                        │ 
│                             ││                                                            ││                        │ 
╰─────────────────────────────╯╰────────────────────────────────────────────────────────────╯╰────────────────────────╯ 
j/k sample  l layout  r relayout  b render  +/- zoom  []/{} size  o reset  m metrics  t tier | metrics hidden (m)       