Mermaid Showcase | Flow Basic (1/24) | Layout: Auto | Score: 0.8 | Viewport: auto | OK                                  
╭───────────Samples───────────╮╭──────────────────────────Viewport──────────────────────────╮╭────────Controls────────╮ 
│> Flow Basic [flow, S, branch││                                                            ││Layout: Auto (l)        │ 
│  Flow Subgraphs [flow, M, su││                                                            ││Tier: auto (t)          │ 
│  Flow Dense [flow, L, dense,││                                                            ││Guard: Default (x)      │ 
│  Flow Long Labels [flow, M, ││                                                            ││Glyphs: unicode (g)     │ 
│  Flow Unicode [flow, S, unic││                                                            ││Render: braille (b)     │ 
│  Flow Styles [flow, M, class││                                                            ││Wrap: wordchar (w)      │ 
│  Sequence Mini [sequence, S,││                                                            ││Styles: on (s)          │ 
│  Sequence Checkout [sequence││                                                            ││Links: inline (u)       │ 
│  Sequence Dense [sequence, L││                                                            ││Init: off (I)           │ 
│  Class Basic [class, S, inhe││                                                            ││Errors: panel (e)       │ 
│  Class Members [class, M, fi││                                                            ││Viewport: auto (v)      │ 
│  State Basic [state, S, star││                                            ┌─────────────┐ ││Zoom: 100% (+/-)        │ 
│  State Composite [state, M, ││                                            │▄▄▄▄▄▄▄▄▄▄▄▄▄│ ││Fit: f                  │ 
│  ER Basic [er, M, cardinalit││                                            │     OK      │ ││Metrics: on (m)         │ 
│  Gantt Basic [gantt, M, sect││                                            │▀▀▀▀▀▀▀▀▀▀▀▀▀│ ││                        │ 
│  Mindmap Seed [mindmap, S, t││                                            └─────────────┘ ││                        │ 
│  Mindmap Deep [mindmap, L, d││ ┌─────────────┐             ╲╱           Yes               ││                        │ 
│  Pie Basic [pie, S, title, s││ │▄▄▄▄Start▄▄▄▄│         ╲ Check ╱          │               ││                        │ 
│  Pie Many [pie, M, many-slic││ │▀▀▀▀▀▀▀▀▀▀▀▀▀│──────╲              ╱──────┤               ││                        │ 
│  Gitgraph Basic [gitgraph, M││ └─────────────┘         ╱       ╲          │               │╰────────────────────────╯ 
│  Journey Basic [journey, M, ││                                          No┌─────────────┐ │╭────────Metrics─────────╮ 
│  Requirement Basic [requirem││                                            │▄▄▄▄▄▄▄▄▄▄▄▄▄│ ││Cache: hit 0  miss 1  la│ 
│  Block Beta Basic [block-bet││                                            │     Fix     │ ││Warnings: 0             │ 
│  Block Beta Nested [block-be││                                            │▀▀▀▀▀▀▀▀▀▀▀▀▀│ ││Links: 2/2              │ 
│                             ││                                            └─────────────┘ ││Parse: 0.00 ms          │ 
│                             ││                                                            ││Layout: 0.00 ms         │ 
│                             ││                                                            ││Render: 0.00 ms         │ 
│                             ││                                                            ││Viewport: auto          │ 
│                             ││                                                            ││Zoom: 100%              │ 
│                             ││                                                            ││Iters: 1                │ 
│                             ││                                                            ││Score: 0.77             │ 
│                             ││                                                            ││Cross: 0                │ 
│                             ││                                                            ││Bends: 0                │ 
│                             ││                                                            ││Sym: 0.67               │ 
│                             ││                                                            ││Comp: 0.35              │ 
│                             ││                                                            ││Edge var: 0.47          │ 
╰─────────────────────────────╯╰────────────────────────────────────────────────────────────╯╰────────────────────────╯ 
j/k sample  Enter render  l layout  t tier  u links  I init  e errors  x guard  v view  +/- zoom  m metrics  ? help | pa