Mermaid Showcase | Flow Basic (1/24) | Layout: Auto | Score: 0.8 | Viewport: auto | OK                                  
╭───────────Samples───────────╮╭──────────────────────────Viewport──────────────────────────╮╭───────Status Log───────╮ 
│> Flow Basic [flow, S, branch││                                                            ││metrics: off            │ 
│  Flow Subgraphs [flow, M, su││                                                            ││controls: off           │ 
│  Flow Dense [flow, L, dense,││                                                            ││                        │ 
│  Flow Long Labels [flow, M, ││                                                            ││                        │ 
│  Flow Unicode [flow, S, unic││                                                            ││                        │ 
│  Flow Styles [flow, M, class││                                                            ││                        │ 
│  Sequence Mini [sequence, S,││                                                            ││                        │ 
│  Sequence Checkout [sequence││                                                            ││                        │ 
│  Sequence Dense [sequence, L││                                                            ││                        │ 
│  Class Basic [class, S, inhe││                                                            ││                        │ 
│  Class Members [class, M, fi││                                                            ││                        │ 
│  State Basic [state, S, star││                                            ┌─────────────┐ ││                        │ 
│  State Composite [state, M, ││                                            │▄▄▄▄▄▄▄▄▄▄▄▄▄│ ││                        │ 
│  ER Basic [er, M, cardinalit││                                            │     OK      │ ││                        │ 
│  Gantt Basic [gantt, M, sect││                                            │▀▀▀▀▀▀▀▀▀▀▀▀▀│ ││                        │ 
│  Mindmap Seed [mindmap, S, t││                                            └─────────────┘ ││                        │ 
│  Mindmap Deep [mindmap, L, d││ ┌─────────────┐             ╲╱           Yes               ││                        │ 
│  Pie Basic [pie, S, title, s││ │▄▄▄▄Start▄▄▄▄│         ╲ Check ╱          │               ││                        │ 
│  Pie Many [pie, M, many-slic││ │▀▀▀▀▀▀▀▀▀▀▀▀▀│──────╲              ╱──────┤               ││                        │ 
│  Gitgraph Basic [gitgraph, M││ └─────────────┘         ╱       ╲          │               ││                        │ 
│  Journey Basic [journey, M, ││                                          No┌─────────────┐ ││                        │ 
│  Requirement Basic [requirem││                                            │▄▄▄▄▄▄▄▄▄▄▄▄▄│ ││                        │ 
│  Block Beta Basic [block-bet││                                            │     Fix     │ ││                        │ 
│  Block Beta Nested [block-be││                                            │▀▀▀▀▀▀▀▀▀▀▀▀▀│ ││                        │ 
│                             ││                                            └─────────────┘ ││                        │ 
│                             ││                                                            ││                        │ 
│                             ││                                                            ││                        │ 
│                             ││                                                            ││                        │ 
│                             ││                                                            ││                        │ 
│                             ││                                                            ││                        │ 
│                             ││                                                            ││                        │ 
│                             ││                                                            ││                        │ 
│                             ││                                                            ││                        │ 
│                             ││                                                            ││                        │ 
│                             ││                                                            ││                        │ 
│                             ││                                                            ││                        │ 
╰─────────────────────────────╯╰────────────────────────────────────────────────────────────╯╰────────────────────────╯ 
j/k sample  Enter render  l layout  t tier  u links  I init  e errors  x guard  v view  +/- zoom  m metrics  ? help | me