. . . . . . . . . . . . . . . . . . . . . . . . . . . . . . . . . . . . . . . . 
 . . . . . . . . . . . . . . . . . . . . . . . . . . . . . . . . . . . . . . . .
. . . . . . . . . . . . . . . . . . . . . . . . . . . . . . . . . . . . . . . . 
 . . . . . . . . . . . . . . . . . . . . . . . . . . . . . . . . . . . . . . . .
. . . . . . . . . . . . . . . . . . . . . . . . . . . . . . . . . . . . . . . . 
 . . . . . . . . . . . . . . . . . . . . . . . . . . . . . . . . . . . . . . . .
. . . . . . . . . .╭ Bottom ────────────────────────────────╮ . . . . . . . . . 
 . . . . . . . . . │Lowe╭ Top ─────────────────────────╮ . .│. . . . . . . . . .
. . . . . . . . . .│. . │Upper layer. . . . . . . . . .│. . │ . . . . . . . . . 
 . . . . . . . . . │ . .│. . . . . . . . . . . . . . . │ . .│. . . . . . . . . .
. . . . . . . . . .│. . │ . . . . . . . . . . . . . . .│. . │ . . . . . . . . . 
 . . . . . . . . . │ . .│. . . . . . . . . . . . . . . │ . .│. . . . . . . . . .
. . . . . . . . . .│. . │ . . . . . . . . . . . . . . .│. . │ . . . . . . . . . 
 . . . . . . . . . │ . .│. . . . . . . . . . . . . . . │ . .│. . . . . . . . . .
. . . . . . . . . .│. . │ . . . . . . . . . . . . . . .│. . │ . . . . . . . . . 
 . . . . . . . . . │ . .│. . . . . . . . . . . . . . . │ . .│. . . . . . . . . .
. . . . . . . . . .│. . ╰──────────────────────────────╯. . │ . . . . . . . . . 
 . . . . . . . . . ╰────────────────────────────────────────╯. . . . . . . . . .
. . . . . . . . . . . . . . . . . . . . . . . . . . . . . . . . . . . . . . . . 
 . . . . . . . . . . . . . . . . . . . . . . . . . . . . . . . . . . . . . . . .
. . . . . . . . . . . . . . . . . . . . . . . . . . . . . . . . . . . . . . . . 
 . . . . . . . . . . . . . . . . . . . . . . . . . . . . . . . . . . . . . . . .
. . . . . . . . . . . . . . . . . . . . . . . . . . . . . . . . . . . . . . . . 
 . . . . . . . . . . . . . . . . . . . . . . . . . . . . . . . . . . . . . . . .