. . . . . . . . . . . . . . . . . . . . . . . . . . . . . . . . . . . . . . . . 
 . . . . . . . . . . . . . . . . . . . . . . . . . . . . . . . . . . . . . . . .
. . . . . . . . . . . . . . . . . . . . . . . . . . . . . . . . . . . . . . . . 
 . . . . . . . . . . . . . . . . . . . . . . . . . . . . . . . . . . . . . . . .
. . . . . . . . . . . . . . . . . . . . . . . . . . . . . . . . . . . . . . . . 
 . . . . . . . . . . . . . . . . . . . . . . . . . . . . . . . . . . . . . . . .
. . . . . . . . .╭ Modal Dialog ─────────────────────────────╮. . . . . . . . . 
 . . . . . . . . │This is sample modal content.. . . . . . . │ . . . . . . . . .
. . . . . . . . .│Press Esc to close. . . . . . . . . . . . .│. . . . . . . . . 
 . . . . . . . . │ . . . . . . . . . . . . . . . . . . . . . │ . . . . . . . . .
. . . . . . . . .│. . . . . . . . . . . . . . . . . . . . . .│. . . . . . . . . 
 . . . . . . . . │ . . . . . . . . . . . . . . . . . . . . . │ . . . . . . . . .
. . . . . . . . .│. . . . . . . . . . . . . . . . . . . . . .│. . . . . . . . . 
 . . . . . . . . │ . . . . . . . . . . . . . . . . . . . . . │ . . . . . . . . .
. . . . . . . . .│. . . . . . . . . . . . . . . . . . . . . .│. . . . . . . . . 
 . . . . . . . . │ . . . . . . . . . . . . . . . . . . . . . │ . . . . . . . . .
. . . . . . . . .│. . . . . . . . . . . . . . . . . . . . . .│. . . . . . . . . 
 . . . . . . . . ╰───────────────────────────────────────────╯ . . . . . . . . .
. . . . . . . . . . . . . . . . . . . . . . . . . . . . . . . . . . . . . . . . 
 . . . . . . . . . . . . . . . . . . . . . . . . . . . . . . . . . . . . . . . .
. . . . . . . . . . . . . . . . . . . . . . . . . . . . . . . . . . . . . . . . 
 . . . . . . . . . . . . . . . . . . . . . . . . . . . . . . . . . . . . . . . .
. . . . . . . . . . . . . . . . . . . . . . . . . . . . . . . . . . . . . . . . 
 . . . . . . . . . . . . . . . . . . . . . . . . . . . . . . . . . . . . . . . .