╭ Hit-Test Targets ────╮╭ Event Log ───╮
│ ╭─╮  ╭─╮  ╭─╮  ╭─╮   ││No events yet.│
│ ╰─╯  ╰─╯  ╰─╯  ╰─╯   ││              │
│ ╭─╮  ╭─╮  ╭─╮  ╭─╮   ││              │
│ ╰─╯  ╰─╯  ╰─╯  ╰─╯   ││              │
│ ╭─╮  ╭─╮  ╭─╮  ╭─╮   ││              │
│ ╰─╯  ╰─╯  ╰─╯  ╰─╯   │╰──────────────╯
│                      │╭ Stats ───────╮
│                      ││Hover: None  P│
╰──────────────────────╯╰──────────────╯