╭───────────────────────────Timeline (11/50)───────────────────────────╮╭──────────────────Frame Info──────────────────╮
│██████████████▼░░░░░░░░░░░░░░░░░░░░░░░░░░░░░░░░░░░░░░░░░░░░░░░░░░░░░░░││Status: ⏸ Paused                              │
╰──────────────────────────────────────────────────────────────────────╯│                                              │
╭────────────────────────────Frame Preview─────────────────────────────╮│Frame: 11/50                                  │
│Frame 11/50                                                           ││Size: 40x15                                   │
│                                                                      ││Changes: 35 cells                             │
│                                                                      ││Memory: 9600 bytes                            │
│                                                                      ││Checksum: 53a7e363a4b52a02                    │
│                                                                      ││Render: 200µs                                 │
│          Time Travel Mode                                            ││                                              │
│                                                                      ││Chain hash: e374497cb34d825d                  │
│                                                                      ││Markers: 1                                    │
│                                                                      ││Marked: Yes ▼                                 │
│                                                                      ││                                              │
│                                                                      ││── Controls ──                                │
│                                                                      ││Space: Play/Pause                             │
│                                                                      ││←/→ or h/l: Step                              │
│                    █                                                 ││Home/End or g/G: First/Last                   │
│━━━━━━━━                                                              ││M: Toggle marker                              │
│                                                                      ││R: Toggle record                              │
│                                                                      ││C: Clear                                      │
│                                                                      ││D: Diagnostics                                │
│                                                                      ││                                              │
│                                                                      ││                                              │
│                                                                      ││                                              │
│                                                                      ││                                              │
│                                                                      ││                                              │
│                                                                      ││                                              │
│                                                                      ││                                              │
│                                                                      ││                                              │
│                                                                      ││                                              │
│                                                                      ││                                              │
│                                                                      ││                                              │
│                                                                      ││                                              │
│                                                                      ││                                              │
│                                                                      ││                                              │
│                                                                      ││                                              │
│                                                                      ││                                              │
│                                                                      ││                                              │
╰──────────────────────────────────────────────────────────────────────╯╰──────────────────────────────────────────────╯