╭───Timeline (1/50)────╮╭──Frame Info──╮
│░░░░░░░░░░░░░░░░░░░░░░││Status: ⏸ Paus│
╰──────────────────────╯│              │
╭────Frame Preview─────╮│Frame: 1/50   │
│Frame 1/50            ││Size: 40x15   │
│                      ││Changes: 600 c│
│                      ││Memory: 9600 b│
│Hello, World!         ││Checksum: d824│
│                      ││Render: 100µs │
╰──────────────────────╯╰──────────────╯