╭ ► Presets ╮ ╭   Token Inspector ─────╮
│▶ Cyberpunk│ │     fg::PRIMARY        │
│  Darcula  │ │     fg::SECONDARY      │
│  Lumen Lig│ │     fg::MUTED          │
│  Nordic Fr│ │     fg::DISABLED       │
│  High Cont│ │     bg::DEEP           │
│           │ │     bg::BASE           │
│           │ │     bg::SURFACE        │
╰───────────╯ ╰────────────────────────╯
Press E to export theme                 