╭Search (/ to focus, Esc to clear)─────────────────────────────────────────────────────────────────────────────────────╮
│Type to search...                                                                                                     │
╰──────────────────────────────────────────────────────────────────────────────────────────────────────────────────────╯
╭───────────────────────────────Items (10000 total)────────────────────────────────╮╭──────────────Stats───────────────╮
│[00001] Authentication :: CoreService initialized — payload_1                     ││Total:    10000 items             │
│[00002] Database :: CoreService initialized — payload_2                           ││Matches:  10000                   │
│[00003] Network :: CoreService initialized — payload_3                            ││Selected: 21                      │
│[00004] FileSystem :: CoreService initialized — payload_4                         ││Query:    ""                      │
│[00005] Logging :: CoreService initialized — payload_5                            ││Top score: 0                      │
│[00006] Security :: CoreService initialized — payload_6                           ││                                  │
│[00007] Performance :: CoreService initialized — payload_7                        ││Keybindings:                      │
│[00008] Configuration :: CoreService updated — payload_8                          ││  /      Focus search             │
│[00009] Authentication :: CoreService updated — payload_9                         ││  Esc    Clear search             │
│[00010] Database :: CoreService updated — payload_10                              ││  j/k    Navigate                 │
│[00011] Network :: CoreService updated — payload_11                               ││  g/G    Top/Bottom               │
│[00012] FileSystem :: CoreService updated — payload_12                            ││  PgUp/Dn  Page scroll            │
│[00013] Logging :: CoreService updated — payload_13                               ││                                  │
│[00014] Security :: CoreService updated — payload_14                              ││                                  │
│[00015] Performance :: CoreService updated — payload_15                           ││                                  │
│[00016] Configuration :: CoreService validated — payload_16                       ││                                  │
│[00017] Authentication :: CoreService validated — payload_17                      ││                                  │
│[00018] Database :: CoreService validated — payload_18                            ││                                  │
│[00019] Network :: CoreService validated — payload_19                             ││                                  │
│[00020] FileSystem :: CoreService validated — payload_20                          ││                                  │
│[00021] Logging :: CoreService validated — payload_21                             ││                                  │
│[00022] Security :: CoreService validated — payload_22                            ││                                  │
│[00023] Performance :: CoreService validated — payload_23                         ││                                  │
│[00024] Configuration :: CoreService processed — payload_24                       ││                                  │
│[00025] Authentication :: CoreService processed — payload_25                      ││                                  │
│[00026] Database :: CoreService processed — payload_26                            ││                                  │
│[00027] Network :: CoreService processed — payload_27                             ││                                  │
│[00028] FileSystem :: CoreService processed — payload_28                          ││                                  │
│[00029] Logging :: CoreService processed — payload_29                             ││                                  │
│[00030] Security :: CoreService processed — payload_30                            ││                                  │
│[00031] Performance :: CoreService processed — payload_31                         ││                                  │
│[00032] Configuration :: CoreService cached — payload_32                          ││                                  │
│[00033] Authentication :: CoreService cached — payload_33                         ││                                  │
│[00034] Database :: CoreService cached — payload_34                               ││                                  │
│[00035] Network :: CoreService cached — payload_35                                ││                                  │
╰──────────────────────────────────────────────────────────────────────────────────╯╰──────────────────────────────────╯