▸ A: Inputs │   B: Display │   C: Status
╭TextInput─────────╮╭Masked Input──────╮
│demo@example.com  ││••••••            │
╰──────────────────╯╰──────────────────╯
╭TextArea──────────────────────────────╮
│1  FrankenTUI text area               │
│2  - Multi-line editing               │
│3  - Soft wrap enabled                │
╰──────────────────────────────────────╯
*......                                 