▸ A: Inputs │   B: Display │   C: Status │   D: Data Viz │   E: Navigation │   F
╭TextInput─────────────────────────────╮╭Masked Input──────────────────────────╮
│demo@example.com                      ││••••••                                │
╰──────────────────────────────────────╯╰──────────────────────────────────────╯
╭TextArea──────────────────────────────────────────────────────────────────────╮
│1  FrankenTUI text area                                                       │
│2  - Multi-line editing                                                       │
│3  - Soft wrap enabled                                                        │
│4  - Line numbers                                                             │
╰──────────────────────────────────────────────────────────────────────────────╯
╭Checkboxes + Radios───────────────────╮╭Select + Number + Slider──────────────╮
│[ ] Enable autosave                   ││Select: [High ▾]                      │
│[x] Sync on save                      ││Number: [-]  42  [+]                  │
│( ) Light theme                       ││Slider: 30%  [■■■■■─────]             │
│(*) Dark theme                        ││                                      │
│                                      ││                                      │
│                                      ││                                      │
│                                      ││                                      │
│                                      ││                                      │
│                                      ││                                      │
│                                      ││                                      │
│                                      ││                                      │
╰──────────────────────────────────────╯╰──────────────────────────────────────╯
*......                                                                         